2026-06-08 14:06:31,058 - INFO - [*] Launching HUD GUI...
2026-06-08 14:06:39,507 - INFO - [+] FreeLLMAPI server is already running on port 3001.
2026-06-08 14:06:40,133 - INFO - [*] Loading Cookie Vault for Profile: mumbai_hr_executive_01...
2026-06-08 14:06:40,134 - INFO - [*] Spooling up stealth browser fingerprint...
2026-06-08 14:06:40,136 - INFO - [*] Attempting to attach to existing Chrome instance on port 9222...
2026-06-08 14:07:41,934 - INFO - patching driver executable C:\Users\tiajungba\appdata\roaming\undetected_chromedriver\undetected_chromedriver.exe
2026-06-08 14:07:45,218 - INFO - [+] Successfully attached to existing Chrome window!
2026-06-08 14:07:45,219 - INFO - [+] SentinelCore Manual HUD Active. Monitoring screen for questions...
2026-06-08 14:07:45,220 - INFO - [+] Hotkey Active: Press 'P' in this console at any time to PAUSE/RESUME the scanner.
2026-06-08 14:07:47,543 - INFO - 
============================================================
2026-06-08 14:07:47,545 - INFO - [*] New Question Detected! (13 options) Asking AI...
2026-06-08 14:07:54,320 - INFO - HTTP Request: POST http://127.0.0.1:3001/v1/chat/completions "HTTP/1.1 200 OK"
2026-06-08 14:07:54,334 - INFO - 
[🤖 AI SUGGESTS CLICKING]:
Female | 32 | Postgraduate degree | 18 | Maharashtra

2026-06-08 14:07:54,335 - INFO - [*] AI output doesn't match choice labels. Redirecting to text input typing...
2026-06-08 14:07:54,737 - INFO - [*] Attempting autonomous DOM injection...
2026-06-08 14:08:07,768 - INFO -     [+] Autonomously typed answer.
2026-06-08 14:08:09,460 - INFO - ============================================================

2026-06-08 14:08:33,699 - WARNING - 
[⚠️ STUCK DETECTED] Bot has been on the same question for 46 seconds!
2026-06-08 14:08:33,849 - WARNING - [📷 SCREENSHOT SAVED] Captured state to: screenshots/stuck_20260608_140833.png
2026-06-08 14:08:33,849 - WARNING - 
--- 🛠️ MANUAL INTERVENTION REQUIRED ---
2026-06-08 14:08:33,867 - WARNING - CURRENT QUESTION TEXT:
English
  हिन्दी
   What is your gender?

Male
Female
What is your age?
    Under 18
  18
  19
  20
  21
  22
  23
  24
  25
  26
  27
  28
  29
  30
  31
  32
  33
  34
  35
  36
  37
  38
  39
  40
  41
  42
  43
  44
  45
  46
  47
  48
  49
  50
  51
  52
  53
  54
  55
  56
  57
  58
  59
  60
  61
  62
  63
  64
  65
  66
  67
  68
  69
  70
  71
  72
  73
  74
  75
  76
  77
  78
  79
  80
  81
  82
  83
  84
  85
  86
  87
  88
  89
  90
  91
  92
  93
  94
  95
  96
  97
  98
  99
  100 or over
    Which of the following categories best represents the last grade of education you completed?
No schooling
Middle or Primary school
Secondary school graduate (matric)
Higher secondary school graduate
Vocational or polytechnic school graduate
Associate or other 2 year degree
Undergraduate

2026-06-08 14:08:33,901 - WARNING - [ℹ️ Info] Found 1 visible text inputs on screen.
2026-06-08 14:08:34,278 - WARNING - AVAILABLE DETECTED OPTIONS (Manual Clicks):
2026-06-08 14:08:34,278 - WARNING -   1. Male
2026-06-08 14:08:34,279 - WARNING -   2. Female
2026-06-08 14:08:34,281 - WARNING -   3. What is your age?
2026-06-08 14:08:34,282 - WARNING -   4. No schooling
2026-06-08 14:08:34,284 - WARNING -   5. Middle or Primary school
2026-06-08 14:08:34,286 - WARNING -   6. Secondary school graduate (matric)
2026-06-08 14:08:34,287 - WARNING -   7. Higher secondary school graduate
2026-06-08 14:08:34,289 - WARNING -   8. Vocational or polytechnic school graduate
2026-06-08 14:08:34,291 - WARNING -   9. Associate or other 2 year degree
2026-06-08 14:08:34,292 - WARNING -   10. Undergraduate degree
2026-06-08 14:08:34,293 - WARNING -   11. Postgraduate degree
2026-06-08 14:08:34,294 - WARNING -   12. How many years of formal education have you received? Please enter a number.
2026-06-08 14:08:34,295 - WARNING -   13. In which region do you currently reside?
2026-06-08 14:08:34,297 - WARNING - ----------------------------------------

2026-06-08 14:27:13,761 - INFO - 
[!] ⏸️ SCAN PAUSED VIA GUI.
2026-06-08 14:27:14,602 - INFO - 
[+] ▶️ SCAN RESUMED VIA GUI.
