2026-06-08 13:15:28,611 - INFO - ==========================================
2026-06-08 13:15:28,612 - INFO -    SentinelCore Survey Bot Initialized    
2026-06-08 13:15:28,612 - INFO - ==========================================
2026-06-08 13:15:28,612 - INFO - [*] Spooling up stealth browser instance...
2026-06-08 13:15:29,217 - INFO - [*] Loading Cookie Vault for Profile: mumbai_hr_executive_01...
2026-06-08 13:15:29,218 - INFO - [*] Spooling up stealth browser fingerprint...
2026-06-08 13:15:29,218 - INFO - [*] Attempting to attach to existing Chrome instance on port 9222...
2026-06-08 13:15:44,349 - INFO - patching driver executable C:\Users\tiajungba\appdata\roaming\undetected_chromedriver\undetected_chromedriver.exe
2026-06-08 13:15:48,652 - INFO - [+] Successfully attached to existing Chrome window!
2026-06-08 13:15:56,066 - INFO - [*] Navigating to https://www.samplicio.us/s/Profiler.aspx?SSID=6a2672c3-9ea0-36d2-dce3-85404f0df149&SuID=f927f79581416&zToken=03814e07-e420-407f-b677-f5bd0ff121dd...
2026-06-08 13:15:56,684 - INFO - [+] SentinelCore Manual HUD Active. Monitoring screen for questions...
2026-06-08 13:15:56,684 - INFO - [+] Hotkey Active: Press 'P' in this console at any time to PAUSE/RESUME the scanner.
2026-06-08 13:15:58,406 - INFO - 
============================================================
2026-06-08 13:15:58,406 - INFO - [*] New Question Detected! (9 options) Asking AI...
2026-06-08 13:16:01,466 - INFO - Retrying request to /chat/completions in 0.384155 seconds
2026-06-08 13:16:03,894 - INFO - Retrying request to /chat/completions in 0.764423 seconds
2026-06-08 13:16:06,696 - ERROR - [-] AI Error: Connection error.
2026-06-08 13:16:06,697 - INFO - 
[🤖 AI SUGGESTS CLICKING]:
None

2026-06-08 13:16:06,697 - INFO - ============================================================

2026-06-08 13:28:50,172 - INFO - 
[+] SentinelCore Operation Halted by User.
