2026-06-07 13:28:37,612 - INFO - ==========================================
2026-06-07 13:28:37,612 - INFO -    SentinelCore Survey Bot Initialized    
2026-06-07 13:28:37,612 - INFO - ==========================================
2026-06-07 13:28:37,613 - INFO - [*] Spooling up stealth browser instance...
2026-06-07 13:28:38,253 - INFO - [*] Loading Cookie Vault for Profile: mumbai_hr_executive_01...
2026-06-07 13:28:38,254 - INFO - [*] Spooling up stealth browser fingerprint...
2026-06-07 13:30:06,618 - INFO - patching driver executable C:\Users\tiajungba\appdata\roaming\undetected_chromedriver\undetected_chromedriver.exe
2026-06-07 13:31:44,986 - INFO - [*] Navigating to Survey #1...
2026-06-07 13:31:44,988 - INFO - [+] Launching SentinelCore Operation...
2026-06-07 13:31:48,129 - WARNING - [!] No standard question container found. Falling back to Full-Page scanning...
2026-06-07 13:31:48,336 - INFO - [*] Evaluating Question Block...
2026-06-07 13:31:48,351 - INFO - [*] Simulating human reading time: waiting 4.06s...
2026-06-07 13:32:17,371 - INFO - HTTP Request: POST http://127.0.0.1:3001/v1/chat/completions "HTTP/1.1 200 OK"
2026-06-07 13:32:17,406 - INFO - [+] AI Selected: English|languages.Hindi|languages.Marathi
2026-06-07 13:32:58,337 - INFO - [*] Clicked Next/Continue. Waiting for transition...
2026-06-07 13:33:06,509 - WARNING - [!] No standard question container found. Falling back to Full-Page scanning...
2026-06-07 13:33:06,556 - INFO - [*] Evaluating Question Block...
2026-06-07 13:33:06,578 - INFO - [*] Simulating human reading time: waiting 3.05s...
2026-06-07 13:34:02,425 - INFO - HTTP Request: POST http://127.0.0.1:3001/v1/chat/completions "HTTP/1.1 200 OK"
2026-06-07 13:34:02,428 - INFO - [+] AI Selected: languages.Marathi|English
2026-06-07 13:34:32,925 - INFO - [*] Clicked Next/Continue. Waiting for transition...
2026-06-07 13:34:41,553 - WARNING - [!] No standard question container found. Falling back to Full-Page scanning...
2026-06-07 13:34:41,597 - INFO - [*] Evaluating Question Block...
2026-06-07 13:34:41,613 - INFO - [*] Simulating human reading time: waiting 3.49s...
2026-06-07 13:34:47,361 - INFO - HTTP Request: POST http://127.0.0.1:3001/v1/chat/completions "HTTP/1.1 200 OK"
2026-06-07 13:34:47,363 - INFO - [+] AI Selected: languages.English | English | languages.Hindi | languages.Hindi | languages.Marathi | languages.Marathi
2026-06-07 13:35:23,587 - WARNING - Retrying (Retry(total=2, connect=None, read=None, redirect=None, status=None)) after connection broken by 'NewConnectionError("HTTPConnection(host='localhost', port=51404): Failed to establish a new connection: [WinError 10061] No connection could be made because the target machine actively refused it")': /session/42e37d22dcebfeb8324b93bf2b5dc52c/element/f.E3880A48B1B95752FF9F996AFEC407D9.d.4EEF054DA9EFCCBB64F54CDAB91B6CA1.e.80/click
2026-06-07 13:35:31,734 - WARNING - Retrying (Retry(total=2, connect=None, read=None, redirect=None, status=None)) after connection broken by 'NewConnectionError("HTTPConnection(host='localhost', port=51404): Failed to establish a new connection: [WinError 10061] No connection could be made because the target machine actively refused it")': /session/42e37d22dcebfeb8324b93bf2b5dc52c/execute/sync
