2026-06-07 12:03:44,133 - INFO - ==========================================
2026-06-07 12:03:44,133 - INFO -    SentinelCore Survey Bot Initialized
2026-06-07 12:03:44,133 - INFO - ==========================================
2026-06-07 12:03:44,133 - INFO - [*] Spooling up stealth browser instance...
2026-06-07 12:03:44,686 - INFO - [*] Loading Cookie Vault for Profile: mumbai_hr_executive_01...
2026-06-07 12:03:44,687 - INFO - [*] Spooling up stealth browser fingerprint...
2026-06-07 12:04:10,585 - INFO - patching driver executable C:\Users\tiajungba\appdata\roaming\undetected_chromedriver\undetected_chromedriver.exe
2026-06-07 12:15:19,607 - INFO - [*] Navigating to Survey #1...
2026-06-07 12:15:19,700 - INFO - [+] Launching SentinelCore Operation...
2026-06-07 12:15:25,141 - WARNING - [!] No standard question container found. Falling back to Full-Page scanning...
2026-06-07 12:15:26,949 - ERROR - [-] Error: Message: no such element: Unable to locate element: {"method":"css selector","selector":"button.next-button"}
  (Session info: chrome=148.0.7778.218)
Stacktrace:
	undetected_chromedriver!GetHandleVerifier [0xddb593+105d3]
	undetected_chromedriver!GetHandleVerifier [0xddb6c4+10704]
	undetected_chromedriver!(No symbol) [0xbe1ea0]
	undetected_chromedriver!(No symbol) [0xc2b28a]
	undetected_chromedriver!(No symbol) [0xc2b52b]
	undetected_chromedriver!(No symbol) [0xc6d052]
	undetected_chromedriver!(No symbol) [0xc4d7c4]
	undetected_chromedriver!(No symbol) [0xc6a936]
	undetected_chromedriver!(No symbol) [0xc4d516]
	undetected_chromedriver!(No symbol) [0xc208e9]
	undetected_chromedriver!(No symbol) [0xc216a4]
	undetected_chromedriver!GetHandleVerifier [0x1063014+298054]
	undetected_chromedriver!GetHandleVerifier [0x105e603+293643]
	undetected_chromedriver!GetHandleVerifier [0x107ea05+2b3a45]
	undetected_chromedriver!GetHandleVerifier [0xdf54e8+2a528]
	undetected_chromedriver!GetHandleVerifier [0xdfcd1d+31d5d]
	undetected_chromedriver!GetHandleVerifier [0xde3e68+18ea8]
	undetected_chromedriver!GetHandleVerifier [0xde4015+19055]
	undetected_chromedriver!GetHandleVerifier [0xdcd65f+269f]
	KERNEL32!BaseThreadInitThunk [0x75265d49+19]
	ntdll!RtlInitializeExceptionChain [0x7755d83b+6b]
	ntdll!RtlGetAppContainerNamedObjectPath [0x7755d7c1+231]

2026-06-07 12:15:26,956 - INFO - [*] Survey complete or router exited.
2026-06-07 12:15:26,956 - INFO - [*] Ready for the next link!
