2026-06-07 12:30:24,785 - INFO - ==========================================
2026-06-07 12:30:24,786 - INFO -    SentinelCore Survey Bot Initialized
2026-06-07 12:30:24,786 - INFO - ==========================================
2026-06-07 12:30:24,786 - INFO - [*] Spooling up stealth browser instance...
2026-06-07 12:30:25,251 - INFO - [*] Loading Cookie Vault for Profile: mumbai_hr_executive_01...
2026-06-07 12:30:25,252 - INFO - [*] Spooling up stealth browser fingerprint...
2026-06-07 12:30:43,858 - INFO - patching driver executable C:\Users\tiajungba\appdata\roaming\undetected_chromedriver\undetected_chromedriver.exe
2026-06-07 12:30:55,218 - INFO - [*] Navigating to Survey #1...
2026-06-07 12:30:55,219 - INFO - [+] Launching SentinelCore Operation...
2026-06-07 12:30:58,191 - WARNING - [!] No standard question container found. Falling back to Full-Page scanning...
2026-06-07 12:31:03,728 - INFO - [*] Clicked Next/Continue. Waiting for transition...
2026-06-07 12:31:13,046 - WARNING - [!] No standard question container found. Falling back to Full-Page scanning...
2026-06-07 12:31:13,091 - INFO - [*] Evaluating Question Block...
2026-06-07 12:31:13,104 - INFO - [*] Simulating human reading time: waiting 3.42s...
2026-06-07 12:31:20,842 - INFO - HTTP Request: POST https://models.inference.ai.azure.com/chat/completions "HTTP/1.1 429 Too Many Requests"
2026-06-07 12:31:20,843 - INFO - Retrying request to /chat/completions in 0.460469 seconds
2026-06-07 12:31:22,280 - INFO - HTTP Request: POST https://models.inference.ai.azure.com/chat/completions "HTTP/1.1 429 Too Many Requests"
2026-06-07 12:31:22,282 - INFO - Retrying request to /chat/completions in 58.000000 seconds
2026-06-07 12:32:21,881 - INFO - HTTP Request: POST https://models.inference.ai.azure.com/chat/completions "HTTP/1.1 429 Too Many Requests"
2026-06-07 12:32:21,892 - ERROR - [-] AI Error: Error code: 429 - {'error': {'code': 'RateLimitReached', 'message': 'Rate limit of 8 per 86400s exceeded for UserByModelByDay. Please wait 84408 seconds before retrying.', 'details': 'Rate limit of 8 per 86400s exceeded for UserByModelByDay. Please wait 84408 seconds before retrying.'}}
2026-06-07 12:32:30,569 - INFO - [*] Clicked Next/Continue. Waiting for transition...
2026-06-07 12:32:39,391 - WARNING - [!] No standard question container found. Falling back to Full-Page scanning...
2026-06-07 12:32:39,508 - INFO - [*] Evaluating Question Block...
2026-06-07 12:32:39,520 - INFO - [*] Simulating human reading time: waiting 3.24s...
2026-06-07 12:32:44,307 - INFO - HTTP Request: POST https://models.inference.ai.azure.com/chat/completions "HTTP/1.1 429 Too Many Requests"
2026-06-07 12:32:44,309 - INFO - Retrying request to /chat/completions in 37.000000 seconds
2026-06-07 12:33:22,690 - INFO - HTTP Request: POST https://models.inference.ai.azure.com/chat/completions "HTTP/1.1 429 Too Many Requests"
2026-06-07 12:33:22,690 - INFO - Retrying request to /chat/completions in 0.970705 seconds
2026-06-07 12:33:24,250 - INFO - HTTP Request: POST https://models.inference.ai.azure.com/chat/completions "HTTP/1.1 429 Too Many Requests"
2026-06-07 12:33:24,251 - ERROR - [-] AI Error: Error code: 429 - {'error': {'code': 'RateLimitReached', 'message': 'Rate limit of 1 per 60s exceeded for UserByModelByMinute. Please wait 58 seconds before retrying.', 'details': 'Rate limit of 1 per 60s exceeded for UserByModelByMinute. Please wait 58 seconds before retrying.'}}
2026-06-07 12:33:35,376 - INFO - [*] Clicked Next/Continue. Waiting for transition...
2026-06-07 12:33:44,421 - WARNING - [!] No standard question container found. Falling back to Full-Page scanning...
2026-06-07 12:33:44,450 - INFO - [*] Evaluating Question Block...
2026-06-07 12:33:44,459 - INFO - [*] Simulating human reading time: waiting 4.10s...
2026-06-07 12:33:50,426 - INFO - HTTP Request: POST https://models.inference.ai.azure.com/chat/completions "HTTP/1.1 429 Too Many Requests"
2026-06-07 12:33:50,427 - INFO - Retrying request to /chat/completions in 32.000000 seconds
2026-06-07 12:34:23,810 - INFO - HTTP Request: POST https://models.inference.ai.azure.com/chat/completions "HTTP/1.1 429 Too Many Requests"
2026-06-07 12:34:23,811 - INFO - Retrying request to /chat/completions in 0.920953 seconds
2026-06-07 12:34:24,999 - INFO - HTTP Request: POST https://models.inference.ai.azure.com/chat/completions "HTTP/1.1 429 Too Many Requests"
2026-06-07 12:34:25,003 - ERROR - [-] AI Error: Error code: 429 - {'error': {'code': 'RateLimitReached', 'message': 'Rate limit of 1 per 60s exceeded for UserByModelByMinute. Please wait 58 seconds before retrying.', 'details': 'Rate limit of 1 per 60s exceeded for UserByModelByMinute. Please wait 58 seconds before retrying.'}}
2026-06-07 12:34:34,149 - INFO - [*] Clicked Next/Continue. Waiting for transition...
2026-06-07 12:34:41,677 - WARNING - [!] No standard question container found. Falling back to Full-Page scanning...
2026-06-07 12:34:41,725 - INFO - [*] Evaluating Question Block...
2026-06-07 12:34:41,739 - INFO - [*] Simulating human reading time: waiting 2.37s...
2026-06-07 12:34:46,604 - INFO - HTTP Request: POST https://models.inference.ai.azure.com/chat/completions "HTTP/1.1 429 Too Many Requests"
2026-06-07 12:34:46,623 - INFO - Retrying request to /chat/completions in 37.000000 seconds
2026-06-07 12:35:25,572 - INFO - HTTP Request: POST https://models.inference.ai.azure.com/chat/completions "HTTP/1.1 429 Too Many Requests"
2026-06-07 12:35:25,573 - INFO - Retrying request to /chat/completions in 0.939805 seconds
2026-06-07 12:35:28,367 - INFO - HTTP Request: POST https://models.inference.ai.azure.com/chat/completions "HTTP/1.1 429 Too Many Requests"
2026-06-07 12:35:28,368 - ERROR - [-] AI Error: Error code: 429 - {'error': {'code': 'RateLimitReached', 'message': 'Rate limit of 1 per 60s exceeded for UserByModelByMinute. Please wait 58 seconds before retrying.', 'details': 'Rate limit of 1 per 60s exceeded for UserByModelByMinute. Please wait 58 seconds before retrying.'}}
2026-06-07 12:35:37,591 - INFO - [*] Clicked Next/Continue. Waiting for transition...
2026-06-07 12:35:45,403 - WARNING - [!] No standard question container found. Falling back to Full-Page scanning...
2026-06-07 12:35:45,541 - INFO - [*] Evaluating Question Block...
2026-06-07 12:35:45,584 - INFO - [*] Simulating human reading time: waiting 2.54s...
2026-06-07 12:35:50,789 - INFO - HTTP Request: POST https://models.inference.ai.azure.com/chat/completions "HTTP/1.1 429 Too Many Requests"
2026-06-07 12:35:50,798 - INFO - Retrying request to /chat/completions in 34.000000 seconds
2026-06-07 12:36:26,810 - INFO - HTTP Request: POST https://models.inference.ai.azure.com/chat/completions "HTTP/1.1 429 Too Many Requests"
2026-06-07 12:36:26,812 - INFO - Retrying request to /chat/completions in 0.830826 seconds
2026-06-07 12:36:28,121 - INFO - HTTP Request: POST https://models.inference.ai.azure.com/chat/completions "HTTP/1.1 429 Too Many Requests"
2026-06-07 12:36:28,123 - ERROR - [-] AI Error: Error code: 429 - {'error': {'code': 'RateLimitReached', 'message': 'Rate limit of 1 per 60s exceeded for UserByModelByMinute. Please wait 58 seconds before retrying.', 'details': 'Rate limit of 1 per 60s exceeded for UserByModelByMinute. Please wait 58 seconds before retrying.'}}
2026-06-07 12:36:37,774 - INFO - [*] Clicked Next/Continue. Waiting for transition...
2026-06-07 12:36:45,483 - WARNING - [!] No standard question container found. Falling back to Full-Page scanning...
2026-06-07 12:36:45,581 - INFO - [*] Evaluating Question Block...
2026-06-07 12:36:45,592 - INFO - [*] Simulating human reading time: waiting 2.97s...
2026-06-07 12:36:51,913 - INFO - HTTP Request: POST https://models.inference.ai.azure.com/chat/completions "HTTP/1.1 429 Too Many Requests"
2026-06-07 12:36:51,926 - INFO - Retrying request to /chat/completions in 34.000000 seconds
2026-06-07 12:37:27,497 - INFO - HTTP Request: POST https://models.inference.ai.azure.com/chat/completions "HTTP/1.1 429 Too Many Requests"
2026-06-07 12:37:27,503 - INFO - Retrying request to /chat/completions in 0.994637 seconds
2026-06-07 12:37:28,831 - INFO - HTTP Request: POST https://models.inference.ai.azure.com/chat/completions "HTTP/1.1 429 Too Many Requests"
2026-06-07 12:37:28,832 - ERROR - [-] AI Error: Error code: 429 - {'error': {'code': 'RateLimitReached', 'message': 'Rate limit of 1 per 60s exceeded for UserByModelByMinute. Please wait 58 seconds before retrying.', 'details': 'Rate limit of 1 per 60s exceeded for UserByModelByMinute. Please wait 58 seconds before retrying.'}}
2026-06-07 12:37:38,330 - INFO - [*] Clicked Next/Continue. Waiting for transition...
2026-06-07 12:37:47,398 - WARNING - [!] No standard question container found. Falling back to Full-Page scanning...
2026-06-07 12:37:47,533 - INFO - [*] Evaluating Question Block...
2026-06-07 12:37:47,563 - INFO - [*] Simulating human reading time: waiting 1.95s...
2026-06-07 12:37:53,286 - INFO - HTTP Request: POST https://models.inference.ai.azure.com/chat/completions "HTTP/1.1 429 Too Many Requests"
2026-06-07 12:37:53,287 - INFO - Retrying request to /chat/completions in 34.000000 seconds
2026-06-07 12:38:28,596 - INFO - HTTP Request: POST https://models.inference.ai.azure.com/chat/completions "HTTP/1.1 429 Too Many Requests"
2026-06-07 12:38:28,597 - INFO - Retrying request to /chat/completions in 0.784669 seconds
2026-06-07 12:38:30,195 - INFO - HTTP Request: POST https://models.inference.ai.azure.com/chat/completions "HTTP/1.1 429 Too Many Requests"
2026-06-07 12:38:30,195 - ERROR - [-] AI Error: Error code: 429 - {'error': {'code': 'RateLimitReached', 'message': 'Rate limit of 1 per 60s exceeded for UserByModelByMinute. Please wait 58 seconds before retrying.', 'details': 'Rate limit of 1 per 60s exceeded for UserByModelByMinute. Please wait 58 seconds before retrying.'}}
2026-06-07 12:38:39,996 - INFO - [*] Clicked Next/Continue. Waiting for transition...
2026-06-07 12:38:48,596 - WARNING - [!] No standard question container found. Falling back to Full-Page scanning...
2026-06-07 12:38:48,692 - INFO - [*] Evaluating Question Block...
2026-06-07 12:38:48,709 - INFO - [*] Simulating human reading time: waiting 2.39s...
2026-06-07 12:38:52,793 - INFO - HTTP Request: POST https://models.inference.ai.azure.com/chat/completions "HTTP/1.1 429 Too Many Requests"
2026-06-07 12:38:52,794 - INFO - Retrying request to /chat/completions in 35.000000 seconds
2026-06-07 12:39:28,816 - INFO - HTTP Request: POST https://models.inference.ai.azure.com/chat/completions "HTTP/1.1 429 Too Many Requests"
2026-06-07 12:39:28,818 - INFO - Retrying request to /chat/completions in 0.970982 seconds
2026-06-07 12:39:30,309 - INFO - HTTP Request: POST https://models.inference.ai.azure.com/chat/completions "HTTP/1.1 429 Too Many Requests"
2026-06-07 12:39:30,387 - ERROR - [-] AI Error: Error code: 429 - {'error': {'code': 'RateLimitReached', 'message': 'Rate limit of 1 per 60s exceeded for UserByModelByMinute. Please wait 58 seconds before retrying.', 'details': 'Rate limit of 1 per 60s exceeded for UserByModelByMinute. Please wait 58 seconds before retrying.'}}
2026-06-07 12:39:35,329 - INFO - [*] Clicked Next/Continue. Waiting for transition...
2026-06-07 12:39:44,362 - WARNING - [!] No standard question container found. Falling back to Full-Page scanning...
2026-06-07 12:39:44,428 - INFO - [*] Evaluating Question Block...
2026-06-07 12:39:44,442 - INFO - [*] Simulating human reading time: waiting 3.13s...
2026-06-07 12:39:49,761 - INFO - HTTP Request: POST https://models.inference.ai.azure.com/chat/completions "HTTP/1.1 429 Too Many Requests"
2026-06-07 12:39:49,762 - INFO - Retrying request to /chat/completions in 39.000000 seconds
2026-06-07 12:40:29,839 - INFO - HTTP Request: POST https://models.inference.ai.azure.com/chat/completions "HTTP/1.1 429 Too Many Requests"
2026-06-07 12:40:29,840 - INFO - Retrying request to /chat/completions in 0.784858 seconds
2026-06-07 12:40:31,132 - INFO - HTTP Request: POST https://models.inference.ai.azure.com/chat/completions "HTTP/1.1 429 Too Many Requests"
2026-06-07 12:40:31,136 - ERROR - [-] AI Error: Error code: 429 - {'error': {'code': 'RateLimitReached', 'message': 'Rate limit of 1 per 60s exceeded for UserByModelByMinute. Please wait 58 seconds before retrying.', 'details': 'Rate limit of 1 per 60s exceeded for UserByModelByMinute. Please wait 58 seconds before retrying.'}}
2026-06-07 12:40:41,266 - INFO - [*] Clicked Next/Continue. Waiting for transition...
2026-06-07 12:40:50,078 - WARNING - [!] No standard question container found. Falling back to Full-Page scanning...
2026-06-07 12:40:50,144 - INFO - [*] Evaluating Question Block...
2026-06-07 12:40:50,161 - INFO - [*] Simulating human reading time: waiting 3.31s...
2026-06-07 12:40:55,969 - INFO - HTTP Request: POST https://models.inference.ai.azure.com/chat/completions "HTTP/1.1 429 Too Many Requests"
2026-06-07 12:40:55,972 - INFO - Retrying request to /chat/completions in 33.000000 seconds
2026-06-07 12:41:30,901 - INFO - HTTP Request: POST https://models.inference.ai.azure.com/chat/completions "HTTP/1.1 429 Too Many Requests"
2026-06-07 12:41:30,903 - INFO - Retrying request to /chat/completions in 0.983133 seconds
2026-06-07 12:41:32,234 - INFO - HTTP Request: POST https://models.inference.ai.azure.com/chat/completions "HTTP/1.1 429 Too Many Requests"
2026-06-07 12:41:35,435 - ERROR - [-] AI Error: Error code: 429 - {'error': {'code': 'RateLimitReached', 'message': 'Rate limit of 1 per 60s exceeded for UserByModelByMinute. Please wait 58 seconds before retrying.', 'details': 'Rate limit of 1 per 60s exceeded for UserByModelByMinute. Please wait 58 seconds before retrying.'}}
2026-06-07 12:41:51,245 - INFO - [*] Clicked Next/Continue. Waiting for transition...
2026-06-07 12:42:00,190 - WARNING - [!] No standard question container found. Falling back to Full-Page scanning...
2026-06-07 12:42:00,258 - INFO - [*] Evaluating Question Block...
2026-06-07 12:42:00,272 - INFO - [*] Simulating human reading time: waiting 1.99s...
2026-06-07 12:42:04,552 - INFO - HTTP Request: POST https://models.inference.ai.azure.com/chat/completions "HTTP/1.1 429 Too Many Requests"
2026-06-07 12:42:04,553 - INFO - Retrying request to /chat/completions in 26.000000 seconds
2026-06-07 12:42:32,769 - INFO - HTTP Request: POST https://models.inference.ai.azure.com/chat/completions "HTTP/1.1 429 Too Many Requests"
2026-06-07 12:42:32,773 - INFO - Retrying request to /chat/completions in 0.834350 seconds
2026-06-07 12:42:34,502 - INFO - HTTP Request: POST https://models.inference.ai.azure.com/chat/completions "HTTP/1.1 429 Too Many Requests"
2026-06-07 12:42:34,519 - ERROR - [-] AI Error: Error code: 429 - {'error': {'code': 'RateLimitReached', 'message': 'Rate limit of 1 per 60s exceeded for UserByModelByMinute. Please wait 58 seconds before retrying.', 'details': 'Rate limit of 1 per 60s exceeded for UserByModelByMinute. Please wait 58 seconds before retrying.'}}
2026-06-07 12:42:50,034 - INFO - [*] Clicked Next/Continue. Waiting for transition...
2026-06-07 12:42:58,413 - WARNING - [!] No standard question container found. Falling back to Full-Page scanning...
2026-06-07 12:42:58,490 - INFO - [*] Evaluating Question Block...
2026-06-07 12:42:58,521 - INFO - [*] Simulating human reading time: waiting 3.08s...
2026-06-07 12:43:04,197 - INFO - HTTP Request: POST https://models.inference.ai.azure.com/chat/completions "HTTP/1.1 429 Too Many Requests"
2026-06-07 12:43:04,198 - INFO - Retrying request to /chat/completions in 28.000000 seconds
2026-06-07 12:43:33,895 - INFO - HTTP Request: POST https://models.inference.ai.azure.com/chat/completions "HTTP/1.1 429 Too Many Requests"
2026-06-07 12:43:34,174 - INFO - Retrying request to /chat/completions in 0.961357 seconds
2026-06-07 12:43:35,568 - INFO - HTTP Request: POST https://models.inference.ai.azure.com/chat/completions "HTTP/1.1 429 Too Many Requests"
2026-06-07 12:43:35,590 - ERROR - [-] AI Error: Error code: 429 - {'error': {'code': 'RateLimitReached', 'message': 'Rate limit of 1 per 60s exceeded for UserByModelByMinute. Please wait 58 seconds before retrying.', 'details': 'Rate limit of 1 per 60s exceeded for UserByModelByMinute. Please wait 58 seconds before retrying.'}}
2026-06-07 12:43:46,620 - INFO - [*] Clicked Next/Continue. Waiting for transition...
2026-06-07 12:43:56,039 - WARNING - [!] No standard question container found. Falling back to Full-Page scanning...
2026-06-07 12:43:56,355 - INFO - [*] Evaluating Question Block...
2026-06-07 12:43:56,405 - INFO - [*] Simulating human reading time: waiting 2.27s...
2026-06-07 12:44:01,013 - INFO - HTTP Request: POST https://models.inference.ai.azure.com/chat/completions "HTTP/1.1 429 Too Many Requests"
2026-06-07 12:44:01,015 - INFO - Retrying request to /chat/completions in 32.000000 seconds
2026-06-07 12:44:34,267 - INFO - HTTP Request: POST https://models.inference.ai.azure.com/chat/completions "HTTP/1.1 429 Too Many Requests"
2026-06-07 12:44:34,281 - INFO - Retrying request to /chat/completions in 0.985432 seconds
2026-06-07 12:44:35,786 - INFO - HTTP Request: POST https://models.inference.ai.azure.com/chat/completions "HTTP/1.1 429 Too Many Requests"
2026-06-07 12:44:35,810 - ERROR - [-] AI Error: Error code: 429 - {'error': {'code': 'RateLimitReached', 'message': 'Rate limit of 1 per 60s exceeded for UserByModelByMinute. Please wait 58 seconds before retrying.', 'details': 'Rate limit of 1 per 60s exceeded for UserByModelByMinute. Please wait 58 seconds before retrying.'}}
2026-06-07 12:44:46,002 - INFO - [*] Clicked Next/Continue. Waiting for transition...
2026-06-07 12:44:55,119 - WARNING - [!] No standard question container found. Falling back to Full-Page scanning...
2026-06-07 12:44:55,183 - INFO - [*] Evaluating Question Block...
2026-06-07 12:44:55,195 - INFO - [*] Simulating human reading time: waiting 3.05s...
2026-06-07 12:45:01,207 - INFO - HTTP Request: POST https://models.inference.ai.azure.com/chat/completions "HTTP/1.1 429 Too Many Requests"
2026-06-07 12:45:01,209 - INFO - Retrying request to /chat/completions in 33.000000 seconds
2026-06-07 12:45:35,652 - INFO - HTTP Request: POST https://models.inference.ai.azure.com/chat/completions "HTTP/1.1 429 Too Many Requests"
2026-06-07 12:45:35,656 - INFO - Retrying request to /chat/completions in 0.795018 seconds
2026-06-07 12:45:37,045 - INFO - HTTP Request: POST https://models.inference.ai.azure.com/chat/completions "HTTP/1.1 429 Too Many Requests"
2026-06-07 12:45:41,069 - ERROR - [-] AI Error: Error code: 429 - {'error': {'code': 'RateLimitReached', 'message': 'Rate limit of 1 per 60s exceeded for UserByModelByMinute. Please wait 58 seconds before retrying.', 'details': 'Rate limit of 1 per 60s exceeded for UserByModelByMinute. Please wait 58 seconds before retrying.'}}
2026-06-07 12:45:54,114 - INFO - [*] Clicked Next/Continue. Waiting for transition...
2026-06-07 12:46:02,077 - WARNING - [!] No standard question container found. Falling back to Full-Page scanning...
2026-06-07 12:46:02,125 - INFO - [*] Evaluating Question Block...
2026-06-07 12:46:02,139 - INFO - [*] Simulating human reading time: waiting 4.34s...
2026-06-07 12:46:08,556 - INFO - HTTP Request: POST https://models.inference.ai.azure.com/chat/completions "HTTP/1.1 429 Too Many Requests"
2026-06-07 12:46:08,557 - INFO - Retrying request to /chat/completions in 27.000000 seconds
2026-06-07 12:46:37,554 - INFO - HTTP Request: POST https://models.inference.ai.azure.com/chat/completions "HTTP/1.1 429 Too Many Requests"
2026-06-07 12:46:37,602 - INFO - Retrying request to /chat/completions in 0.923577 seconds
2026-06-07 12:46:39,089 - INFO - HTTP Request: POST https://models.inference.ai.azure.com/chat/completions "HTTP/1.1 429 Too Many Requests"
2026-06-07 12:46:39,091 - ERROR - [-] AI Error: Error code: 429 - {'error': {'code': 'RateLimitReached', 'message': 'Rate limit of 1 per 60s exceeded for UserByModelByMinute. Please wait 58 seconds before retrying.', 'details': 'Rate limit of 1 per 60s exceeded for UserByModelByMinute. Please wait 58 seconds before retrying.'}}
2026-06-07 12:46:48,271 - INFO - [*] Clicked Next/Continue. Waiting for transition...
2026-06-07 12:46:55,890 - WARNING - [!] No standard question container found. Falling back to Full-Page scanning...
2026-06-07 12:46:55,945 - INFO - [*] Evaluating Question Block...
2026-06-07 12:46:55,961 - INFO - [*] Simulating human reading time: waiting 2.48s...
2026-06-07 12:47:02,599 - INFO - HTTP Request: POST https://models.inference.ai.azure.com/chat/completions "HTTP/1.1 429 Too Many Requests"
2026-06-07 12:47:02,611 - INFO - Retrying request to /chat/completions in 35.000000 seconds
2026-06-07 12:47:39,730 - INFO - HTTP Request: POST https://models.inference.ai.azure.com/chat/completions "HTTP/1.1 429 Too Many Requests"
2026-06-07 12:47:39,732 - INFO - Retrying request to /chat/completions in 0.965806 seconds
2026-06-07 12:47:41,055 - INFO - HTTP Request: POST https://models.inference.ai.azure.com/chat/completions "HTTP/1.1 429 Too Many Requests"
2026-06-07 12:47:41,081 - ERROR - [-] AI Error: Error code: 429 - {'error': {'code': 'RateLimitReached', 'message': 'Rate limit of 1 per 60s exceeded for UserByModelByMinute. Please wait 58 seconds before retrying.', 'details': 'Rate limit of 1 per 60s exceeded for UserByModelByMinute. Please wait 58 seconds before retrying.'}}
2026-06-07 12:47:50,328 - INFO - [*] Clicked Next/Continue. Waiting for transition...
2026-06-07 12:47:58,973 - WARNING - [!] No standard question container found. Falling back to Full-Page scanning...
2026-06-07 12:47:59,020 - INFO - [*] Evaluating Question Block...
2026-06-07 12:47:59,035 - INFO - [*] Simulating human reading time: waiting 3.03s...
2026-06-07 12:48:09,372 - INFO - HTTP Request: POST https://models.inference.ai.azure.com/chat/completions "HTTP/1.1 429 Too Many Requests"
2026-06-07 12:48:09,375 - INFO - Retrying request to /chat/completions in 30.000000 seconds
2026-06-07 12:48:42,754 - INFO - HTTP Request: POST https://models.inference.ai.azure.com/chat/completions "HTTP/1.1 429 Too Many Requests"
2026-06-07 12:48:42,829 - INFO - Retrying request to /chat/completions in 0.975083 seconds
2026-06-07 12:48:44,784 - INFO - HTTP Request: POST https://models.inference.ai.azure.com/chat/completions "HTTP/1.1 429 Too Many Requests"
2026-06-07 12:48:44,786 - ERROR - [-] AI Error: Error code: 429 - {'error': {'code': 'RateLimitReached', 'message': 'Rate limit of 1 per 60s exceeded for UserByModelByMinute. Please wait 58 seconds before retrying.', 'details': 'Rate limit of 1 per 60s exceeded for UserByModelByMinute. Please wait 58 seconds before retrying.'}}
2026-06-07 12:48:55,300 - INFO - [*] Clicked Next/Continue. Waiting for transition...
2026-06-07 12:49:04,940 - WARNING - [!] No standard question container found. Falling back to Full-Page scanning...
2026-06-07 12:49:05,107 - INFO - [*] Evaluating Question Block...
2026-06-07 12:49:05,123 - INFO - [*] Simulating human reading time: waiting 2.29s...
2026-06-07 12:49:13,591 - INFO - HTTP Request: POST https://models.inference.ai.azure.com/chat/completions "HTTP/1.1 429 Too Many Requests"
2026-06-07 12:49:13,592 - INFO - Retrying request to /chat/completions in 29.000000 seconds
2026-06-07 12:49:45,130 - INFO - HTTP Request: POST https://models.inference.ai.azure.com/chat/completions "HTTP/1.1 429 Too Many Requests"
2026-06-07 12:49:45,132 - INFO - Retrying request to /chat/completions in 0.985995 seconds
2026-06-07 12:49:46,713 - INFO - HTTP Request: POST https://models.inference.ai.azure.com/chat/completions "HTTP/1.1 429 Too Many Requests"
2026-06-07 12:49:46,714 - ERROR - [-] AI Error: Error code: 429 - {'error': {'code': 'RateLimitReached', 'message': 'Rate limit of 1 per 60s exceeded for UserByModelByMinute. Please wait 58 seconds before retrying.', 'details': 'Rate limit of 1 per 60s exceeded for UserByModelByMinute. Please wait 58 seconds before retrying.'}}
2026-06-07 12:49:55,560 - INFO - [*] Clicked Next/Continue. Waiting for transition...
2026-06-07 12:50:03,916 - WARNING - [!] No standard question container found. Falling back to Full-Page scanning...
2026-06-07 12:50:03,981 - INFO - [*] Evaluating Question Block...
2026-06-07 12:50:03,996 - INFO - [*] Simulating human reading time: waiting 2.75s...
2026-06-07 12:50:09,115 - INFO - HTTP Request: POST https://models.inference.ai.azure.com/chat/completions "HTTP/1.1 429 Too Many Requests"
2026-06-07 12:50:09,116 - INFO - Retrying request to /chat/completions in 36.000000 seconds
2026-06-07 12:50:47,128 - INFO - HTTP Request: POST https://models.inference.ai.azure.com/chat/completions "HTTP/1.1 429 Too Many Requests"
2026-06-07 12:50:47,129 - INFO - Retrying request to /chat/completions in 0.813555 seconds
2026-06-07 12:50:48,410 - INFO - HTTP Request: POST https://models.inference.ai.azure.com/chat/completions "HTTP/1.1 429 Too Many Requests"
2026-06-07 12:50:48,425 - ERROR - [-] AI Error: Error code: 429 - {'error': {'code': 'RateLimitReached', 'message': 'Rate limit of 1 per 60s exceeded for UserByModelByMinute. Please wait 58 seconds before retrying.', 'details': 'Rate limit of 1 per 60s exceeded for UserByModelByMinute. Please wait 58 seconds before retrying.'}}
2026-06-07 12:50:58,286 - INFO - [*] Clicked Next/Continue. Waiting for transition...
2026-06-07 12:51:06,888 - WARNING - [!] No standard question container found. Falling back to Full-Page scanning...
2026-06-07 12:51:06,949 - INFO - [*] Evaluating Question Block...
2026-06-07 12:51:06,978 - INFO - [*] Simulating human reading time: waiting 4.21s...
2026-06-07 12:51:13,359 - INFO - HTTP Request: POST https://models.inference.ai.azure.com/chat/completions "HTTP/1.1 429 Too Many Requests"
2026-06-07 12:51:13,360 - INFO - Retrying request to /chat/completions in 33.000000 seconds
2026-06-07 12:51:48,739 - INFO - HTTP Request: POST https://models.inference.ai.azure.com/chat/completions "HTTP/1.1 429 Too Many Requests"
2026-06-07 12:51:48,740 - INFO - Retrying request to /chat/completions in 0.763158 seconds
2026-06-07 12:51:50,308 - INFO - HTTP Request: POST https://models.inference.ai.azure.com/chat/completions "HTTP/1.1 429 Too Many Requests"
2026-06-07 12:51:50,310 - ERROR - [-] AI Error: Error code: 429 - {'error': {'code': 'RateLimitReached', 'message': 'Rate limit of 1 per 60s exceeded for UserByModelByMinute. Please wait 58 seconds before retrying.', 'details': 'Rate limit of 1 per 60s exceeded for UserByModelByMinute. Please wait 58 seconds before retrying.'}}
2026-06-07 12:51:59,898 - INFO - [*] Clicked Next/Continue. Waiting for transition...
2026-06-07 12:52:07,962 - WARNING - [!] No standard question container found. Falling back to Full-Page scanning...
2026-06-07 12:52:08,020 - INFO - [*] Evaluating Question Block...
2026-06-07 12:52:08,033 - INFO - [*] Simulating human reading time: waiting 2.30s...
2026-06-07 12:52:12,208 - INFO - HTTP Request: POST https://models.inference.ai.azure.com/chat/completions "HTTP/1.1 429 Too Many Requests"
2026-06-07 12:52:12,210 - INFO - Retrying request to /chat/completions in 36.000000 seconds
2026-06-07 12:52:49,686 - INFO - HTTP Request: POST https://models.inference.ai.azure.com/chat/completions "HTTP/1.1 429 Too Many Requests"
2026-06-07 12:52:49,689 - INFO - Retrying request to /chat/completions in 0.899791 seconds
2026-06-07 12:52:51,154 - INFO - HTTP Request: POST https://models.inference.ai.azure.com/chat/completions "HTTP/1.1 429 Too Many Requests"
2026-06-07 12:52:51,156 - ERROR - [-] AI Error: Error code: 429 - {'error': {'code': 'RateLimitReached', 'message': 'Rate limit of 1 per 60s exceeded for UserByModelByMinute. Please wait 58 seconds before retrying.', 'details': 'Rate limit of 1 per 60s exceeded for UserByModelByMinute. Please wait 58 seconds before retrying.'}}
2026-06-07 12:53:01,617 - INFO - [*] Clicked Next/Continue. Waiting for transition...
2026-06-07 12:53:09,913 - WARNING - [!] No standard question container found. Falling back to Full-Page scanning...
2026-06-07 12:53:09,961 - INFO - [*] Evaluating Question Block...
2026-06-07 12:53:09,975 - INFO - [*] Simulating human reading time: waiting 3.78s...
2026-06-07 12:53:18,503 - INFO - HTTP Request: POST https://models.inference.ai.azure.com/chat/completions "HTTP/1.1 429 Too Many Requests"
2026-06-07 12:53:18,509 - INFO - Retrying request to /chat/completions in 31.000000 seconds
2026-06-07 12:53:51,150 - INFO - HTTP Request: POST https://models.inference.ai.azure.com/chat/completions "HTTP/1.1 429 Too Many Requests"
2026-06-07 12:53:51,151 - INFO - Retrying request to /chat/completions in 0.835703 seconds
2026-06-07 12:53:52,548 - INFO - HTTP Request: POST https://models.inference.ai.azure.com/chat/completions "HTTP/1.1 429 Too Many Requests"
2026-06-07 12:53:52,550 - ERROR - [-] AI Error: Error code: 429 - {'error': {'code': 'RateLimitReached', 'message': 'Rate limit of 1 per 60s exceeded for UserByModelByMinute. Please wait 58 seconds before retrying.', 'details': 'Rate limit of 1 per 60s exceeded for UserByModelByMinute. Please wait 58 seconds before retrying.'}}
2026-06-07 12:54:01,893 - INFO - [*] Clicked Next/Continue. Waiting for transition...
2026-06-07 12:54:09,742 - WARNING - [!] No standard question container found. Falling back to Full-Page scanning...
2026-06-07 12:54:09,790 - INFO - [*] Evaluating Question Block...
2026-06-07 12:54:09,801 - INFO - [*] Simulating human reading time: waiting 3.78s...
2026-06-07 12:54:16,354 - INFO - HTTP Request: POST https://models.inference.ai.azure.com/chat/completions "HTTP/1.1 429 Too Many Requests"
2026-06-07 12:54:16,359 - INFO - Retrying request to /chat/completions in 35.000000 seconds
2026-06-07 12:54:53,988 - INFO - HTTP Request: POST https://models.inference.ai.azure.com/chat/completions "HTTP/1.1 429 Too Many Requests"
2026-06-07 12:54:53,989 - INFO - Retrying request to /chat/completions in 0.923070 seconds
2026-06-07 12:54:55,477 - INFO - HTTP Request: POST https://models.inference.ai.azure.com/chat/completions "HTTP/1.1 429 Too Many Requests"
2026-06-07 12:54:55,478 - ERROR - [-] AI Error: Error code: 429 - {'error': {'code': 'RateLimitReached', 'message': 'Rate limit of 1 per 60s exceeded for UserByModelByMinute. Please wait 58 seconds before retrying.', 'details': 'Rate limit of 1 per 60s exceeded for UserByModelByMinute. Please wait 58 seconds before retrying.'}}
2026-06-07 12:55:05,163 - INFO - [*] Clicked Next/Continue. Waiting for transition...
2026-06-07 12:55:13,595 - WARNING - [!] No standard question container found. Falling back to Full-Page scanning...
2026-06-07 12:55:13,645 - INFO - [*] Evaluating Question Block...
2026-06-07 12:55:13,660 - INFO - [*] Simulating human reading time: waiting 3.65s...
2026-06-07 12:55:20,613 - INFO - HTTP Request: POST https://models.inference.ai.azure.com/chat/completions "HTTP/1.1 429 Too Many Requests"
2026-06-07 12:55:20,616 - INFO - Retrying request to /chat/completions in 33.000000 seconds
2026-06-07 12:55:55,443 - INFO - HTTP Request: POST https://models.inference.ai.azure.com/chat/completions "HTTP/1.1 429 Too Many Requests"
2026-06-07 12:55:55,483 - INFO - Retrying request to /chat/completions in 0.914403 seconds
2026-06-07 12:55:57,363 - INFO - HTTP Request: POST https://models.inference.ai.azure.com/chat/completions "HTTP/1.1 429 Too Many Requests"
2026-06-07 12:55:57,364 - ERROR - [-] AI Error: Error code: 429 - {'error': {'code': 'RateLimitReached', 'message': 'Rate limit of 1 per 60s exceeded for UserByModelByMinute. Please wait 58 seconds before retrying.', 'details': 'Rate limit of 1 per 60s exceeded for UserByModelByMinute. Please wait 58 seconds before retrying.'}}
2026-06-07 12:56:12,652 - INFO - [*] Clicked Next/Continue. Waiting for transition...
2026-06-07 12:56:22,713 - WARNING - [!] No standard question container found. Falling back to Full-Page scanning...
2026-06-07 12:56:23,009 - INFO - [*] Evaluating Question Block...
2026-06-07 12:56:23,029 - INFO - [*] Simulating human reading time: waiting 3.83s...
2026-06-07 12:56:34,299 - INFO - HTTP Request: POST https://models.inference.ai.azure.com/chat/completions "HTTP/1.1 429 Too Many Requests"
2026-06-07 12:56:34,307 - INFO - Retrying request to /chat/completions in 21.000000 seconds
2026-06-07 12:57:01,458 - INFO - HTTP Request: POST https://models.inference.ai.azure.com/chat/completions "HTTP/1.1 429 Too Many Requests"
2026-06-07 12:57:01,463 - INFO - Retrying request to /chat/completions in 0.909428 seconds
2026-06-07 12:57:02,675 - INFO - HTTP Request: POST https://models.inference.ai.azure.com/chat/completions "HTTP/1.1 429 Too Many Requests"
2026-06-07 12:57:02,685 - ERROR - [-] AI Error: Error code: 429 - {'error': {'code': 'RateLimitReached', 'message': 'Rate limit of 1 per 60s exceeded for UserByModelByMinute. Please wait 58 seconds before retrying.', 'details': 'Rate limit of 1 per 60s exceeded for UserByModelByMinute. Please wait 58 seconds before retrying.'}}
2026-06-07 12:57:13,345 - INFO - [*] Clicked Next/Continue. Waiting for transition...
2026-06-07 12:57:22,398 - WARNING - [!] No standard question container found. Falling back to Full-Page scanning...
2026-06-07 12:57:22,445 - INFO - [*] Evaluating Question Block...
2026-06-07 12:57:22,456 - INFO - [*] Simulating human reading time: waiting 2.85s...
2026-06-07 12:57:31,210 - INFO - HTTP Request: POST https://models.inference.ai.azure.com/chat/completions "HTTP/1.1 429 Too Many Requests"
2026-06-07 12:57:31,212 - INFO - Retrying request to /chat/completions in 32.000000 seconds
2026-06-07 12:58:05,069 - INFO - HTTP Request: POST https://models.inference.ai.azure.com/chat/completions "HTTP/1.1 429 Too Many Requests"
2026-06-07 12:58:05,071 - INFO - Retrying request to /chat/completions in 0.781875 seconds
2026-06-07 12:58:06,128 - INFO - HTTP Request: POST https://models.inference.ai.azure.com/chat/completions "HTTP/1.1 429 Too Many Requests"
2026-06-07 12:58:06,132 - ERROR - [-] AI Error: Error code: 429 - {'error': {'code': 'RateLimitReached', 'message': 'Rate limit of 1 per 60s exceeded for UserByModelByMinute. Please wait 58 seconds before retrying.', 'details': 'Rate limit of 1 per 60s exceeded for UserByModelByMinute. Please wait 58 seconds before retrying.'}}
2026-06-07 12:58:14,985 - INFO - [*] Clicked Next/Continue. Waiting for transition...
2026-06-07 12:58:23,029 - WARNING - [!] No standard question container found. Falling back to Full-Page scanning...
2026-06-07 12:58:23,235 - INFO - [*] Evaluating Question Block...
2026-06-07 12:58:23,303 - INFO - [*] Simulating human reading time: waiting 4.28s...
2026-06-07 12:58:31,316 - INFO - HTTP Request: POST https://models.inference.ai.azure.com/chat/completions "HTTP/1.1 429 Too Many Requests"
2026-06-07 12:58:31,327 - INFO - Retrying request to /chat/completions in 33.000000 seconds
2026-06-07 12:59:05,589 - INFO - HTTP Request: POST https://models.inference.ai.azure.com/chat/completions "HTTP/1.1 429 Too Many Requests"
2026-06-07 12:59:05,591 - INFO - Retrying request to /chat/completions in 0.757658 seconds
2026-06-07 12:59:07,628 - INFO - HTTP Request: POST https://models.inference.ai.azure.com/chat/completions "HTTP/1.1 429 Too Many Requests"
2026-06-07 12:59:07,630 - ERROR - [-] AI Error: Error code: 429 - {'error': {'code': 'RateLimitReached', 'message': 'Rate limit of 1 per 60s exceeded for UserByModelByMinute. Please wait 58 seconds before retrying.', 'details': 'Rate limit of 1 per 60s exceeded for UserByModelByMinute. Please wait 58 seconds before retrying.'}}
2026-06-07 12:59:17,556 - INFO - [*] Clicked Next/Continue. Waiting for transition...
2026-06-07 12:59:26,445 - WARNING - [!] No standard question container found. Falling back to Full-Page scanning...
2026-06-07 12:59:26,535 - INFO - [*] Evaluating Question Block...
2026-06-07 12:59:26,553 - INFO - [*] Simulating human reading time: waiting 2.82s...
2026-06-07 12:59:32,151 - INFO - HTTP Request: POST https://models.inference.ai.azure.com/chat/completions "HTTP/1.1 429 Too Many Requests"
2026-06-07 12:59:32,153 - INFO - Retrying request to /chat/completions in 33.000000 seconds
2026-06-07 13:00:07,185 - INFO - HTTP Request: POST https://models.inference.ai.azure.com/chat/completions "HTTP/1.1 429 Too Many Requests"
2026-06-07 13:00:07,186 - INFO - Retrying request to /chat/completions in 0.751580 seconds
2026-06-07 13:00:08,916 - INFO - HTTP Request: POST https://models.inference.ai.azure.com/chat/completions "HTTP/1.1 429 Too Many Requests"
2026-06-07 13:00:08,917 - ERROR - [-] AI Error: Error code: 429 - {'error': {'code': 'RateLimitReached', 'message': 'Rate limit of 1 per 60s exceeded for UserByModelByMinute. Please wait 58 seconds before retrying.', 'details': 'Rate limit of 1 per 60s exceeded for UserByModelByMinute. Please wait 58 seconds before retrying.'}}
2026-06-07 13:00:17,633 - INFO - [*] Clicked Next/Continue. Waiting for transition...
2026-06-07 13:00:25,364 - WARNING - [!] No standard question container found. Falling back to Full-Page scanning...
2026-06-07 13:00:25,419 - INFO - [*] Evaluating Question Block...
2026-06-07 13:00:25,435 - INFO - [*] Simulating human reading time: waiting 3.39s...
2026-06-07 13:00:31,578 - INFO - HTTP Request: POST https://models.inference.ai.azure.com/chat/completions "HTTP/1.1 429 Too Many Requests"
2026-06-07 13:00:31,578 - INFO - Retrying request to /chat/completions in 35.000000 seconds
2026-06-07 13:01:08,349 - INFO - HTTP Request: POST https://models.inference.ai.azure.com/chat/completions "HTTP/1.1 429 Too Many Requests"
2026-06-07 13:01:08,353 - INFO - Retrying request to /chat/completions in 0.885567 seconds
2026-06-07 13:01:09,738 - INFO - HTTP Request: POST https://models.inference.ai.azure.com/chat/completions "HTTP/1.1 429 Too Many Requests"
2026-06-07 13:01:09,756 - ERROR - [-] AI Error: Error code: 429 - {'error': {'code': 'RateLimitReached', 'message': 'Rate limit of 1 per 60s exceeded for UserByModelByMinute. Please wait 58 seconds before retrying.', 'details': 'Rate limit of 1 per 60s exceeded for UserByModelByMinute. Please wait 58 seconds before retrying.'}}
2026-06-07 13:01:19,693 - INFO - [*] Clicked Next/Continue. Waiting for transition...
2026-06-07 13:01:28,532 - WARNING - [!] No standard question container found. Falling back to Full-Page scanning...
2026-06-07 13:01:28,583 - INFO - [*] Evaluating Question Block...
2026-06-07 13:01:28,593 - INFO - [*] Simulating human reading time: waiting 4.22s...
2026-06-07 13:01:35,432 - INFO - HTTP Request: POST https://models.inference.ai.azure.com/chat/completions "HTTP/1.1 429 Too Many Requests"
2026-06-07 13:01:35,434 - INFO - Retrying request to /chat/completions in 32.000000 seconds
2026-06-07 13:02:09,369 - INFO - HTTP Request: POST https://models.inference.ai.azure.com/chat/completions "HTTP/1.1 429 Too Many Requests"
2026-06-07 13:02:09,373 - INFO - Retrying request to /chat/completions in 0.782656 seconds
2026-06-07 13:02:10,701 - INFO - HTTP Request: POST https://models.inference.ai.azure.com/chat/completions "HTTP/1.1 429 Too Many Requests"
2026-06-07 13:02:10,703 - ERROR - [-] AI Error: Error code: 429 - {'error': {'code': 'RateLimitReached', 'message': 'Rate limit of 1 per 60s exceeded for UserByModelByMinute. Please wait 58 seconds before retrying.', 'details': 'Rate limit of 1 per 60s exceeded for UserByModelByMinute. Please wait 58 seconds before retrying.'}}
2026-06-07 13:02:21,714 - INFO - [*] Clicked Next/Continue. Waiting for transition...
2026-06-07 13:02:30,494 - WARNING - [!] No standard question container found. Falling back to Full-Page scanning...
2026-06-07 13:02:30,541 - INFO - [*] Evaluating Question Block...
2026-06-07 13:02:30,557 - INFO - [*] Simulating human reading time: waiting 3.55s...
2026-06-07 13:02:35,770 - INFO - HTTP Request: POST https://models.inference.ai.azure.com/chat/completions "HTTP/1.1 429 Too Many Requests"
2026-06-07 13:02:35,771 - INFO - Retrying request to /chat/completions in 33.000000 seconds
2026-06-07 13:03:10,290 - INFO - HTTP Request: POST https://models.inference.ai.azure.com/chat/completions "HTTP/1.1 429 Too Many Requests"
2026-06-07 13:03:10,295 - INFO - Retrying request to /chat/completions in 0.790727 seconds
2026-06-07 13:03:11,596 - INFO - HTTP Request: POST https://models.inference.ai.azure.com/chat/completions "HTTP/1.1 429 Too Many Requests"
2026-06-07 13:03:11,597 - ERROR - [-] AI Error: Error code: 429 - {'error': {'code': 'RateLimitReached', 'message': 'Rate limit of 1 per 60s exceeded for UserByModelByMinute. Please wait 58 seconds before retrying.', 'details': 'Rate limit of 1 per 60s exceeded for UserByModelByMinute. Please wait 58 seconds before retrying.'}}
2026-06-07 13:03:21,957 - INFO - [*] Clicked Next/Continue. Waiting for transition...
2026-06-07 13:03:30,189 - WARNING - [!] No standard question container found. Falling back to Full-Page scanning...
2026-06-07 13:03:30,242 - INFO - [*] Evaluating Question Block...
2026-06-07 13:03:30,260 - INFO - [*] Simulating human reading time: waiting 3.65s...
2026-06-07 13:03:37,144 - INFO - HTTP Request: POST https://models.inference.ai.azure.com/chat/completions "HTTP/1.1 429 Too Many Requests"
2026-06-07 13:03:37,144 - INFO - Retrying request to /chat/completions in 33.000000 seconds
2026-06-07 13:04:11,911 - INFO - HTTP Request: POST https://models.inference.ai.azure.com/chat/completions "HTTP/1.1 429 Too Many Requests"
2026-06-07 13:04:11,912 - INFO - Retrying request to /chat/completions in 0.880531 seconds
2026-06-07 13:04:13,300 - INFO - HTTP Request: POST https://models.inference.ai.azure.com/chat/completions "HTTP/1.1 429 Too Many Requests"
2026-06-07 13:04:13,302 - ERROR - [-] AI Error: Error code: 429 - {'error': {'code': 'RateLimitReached', 'message': 'Rate limit of 1 per 60s exceeded for UserByModelByMinute. Please wait 58 seconds before retrying.', 'details': 'Rate limit of 1 per 60s exceeded for UserByModelByMinute. Please wait 58 seconds before retrying.'}}
2026-06-07 13:04:23,010 - INFO - [*] Clicked Next/Continue. Waiting for transition...
2026-06-07 13:04:32,188 - WARNING - [!] No standard question container found. Falling back to Full-Page scanning...
2026-06-07 13:04:32,231 - INFO - [*] Evaluating Question Block...
2026-06-07 13:04:32,245 - INFO - [*] Simulating human reading time: waiting 2.99s...
2026-06-07 13:04:37,182 - INFO - HTTP Request: POST https://models.inference.ai.azure.com/chat/completions "HTTP/1.1 429 Too Many Requests"
2026-06-07 13:04:37,183 - INFO - Retrying request to /chat/completions in 34.000000 seconds
2026-06-07 13:05:12,215 - INFO - HTTP Request: POST https://models.inference.ai.azure.com/chat/completions "HTTP/1.1 429 Too Many Requests"
2026-06-07 13:05:12,216 - INFO - Retrying request to /chat/completions in 0.848812 seconds
2026-06-07 13:05:14,062 - INFO - HTTP Request: POST https://models.inference.ai.azure.com/chat/completions "HTTP/1.1 429 Too Many Requests"
2026-06-07 13:05:14,070 - ERROR - [-] AI Error: Error code: 429 - {'error': {'code': 'RateLimitReached', 'message': 'Rate limit of 1 per 60s exceeded for UserByModelByMinute. Please wait 58 seconds before retrying.', 'details': 'Rate limit of 1 per 60s exceeded for UserByModelByMinute. Please wait 58 seconds before retrying.'}}
2026-06-07 13:05:23,111 - INFO - [*] Clicked Next/Continue. Waiting for transition...
2026-06-07 13:05:32,217 - WARNING - [!] No standard question container found. Falling back to Full-Page scanning...
2026-06-07 13:05:32,250 - INFO - [*] Evaluating Question Block...
2026-06-07 13:05:32,264 - INFO - [*] Simulating human reading time: waiting 3.07s...
2026-06-07 13:05:38,260 - INFO - HTTP Request: POST https://models.inference.ai.azure.com/chat/completions "HTTP/1.1 429 Too Many Requests"
2026-06-07 13:05:38,261 - INFO - Retrying request to /chat/completions in 33.000000 seconds
2026-06-07 13:06:13,703 - INFO - HTTP Request: POST https://models.inference.ai.azure.com/chat/completions "HTTP/1.1 429 Too Many Requests"
2026-06-07 13:06:13,704 - INFO - Retrying request to /chat/completions in 0.775212 seconds
2026-06-07 13:06:15,034 - INFO - HTTP Request: POST https://models.inference.ai.azure.com/chat/completions "HTTP/1.1 429 Too Many Requests"
2026-06-07 13:06:15,035 - ERROR - [-] AI Error: Error code: 429 - {'error': {'code': 'RateLimitReached', 'message': 'Rate limit of 1 per 60s exceeded for UserByModelByMinute. Please wait 58 seconds before retrying.', 'details': 'Rate limit of 1 per 60s exceeded for UserByModelByMinute. Please wait 58 seconds before retrying.'}}
2026-06-07 13:06:24,401 - INFO - [*] Clicked Next/Continue. Waiting for transition...
2026-06-07 13:06:32,734 - WARNING - [!] No standard question container found. Falling back to Full-Page scanning...
2026-06-07 13:06:32,767 - INFO - [*] Evaluating Question Block...
2026-06-07 13:06:32,777 - INFO - [*] Simulating human reading time: waiting 2.08s...
2026-06-07 13:06:40,322 - INFO - HTTP Request: POST https://models.inference.ai.azure.com/chat/completions "HTTP/1.1 429 Too Many Requests"
2026-06-07 13:06:40,324 - INFO - Retrying request to /chat/completions in 33.000000 seconds
2026-06-07 13:07:14,527 - INFO - HTTP Request: POST https://models.inference.ai.azure.com/chat/completions "HTTP/1.1 429 Too Many Requests"
2026-06-07 13:07:14,530 - INFO - Retrying request to /chat/completions in 0.799337 seconds
2026-06-07 13:07:15,632 - INFO - HTTP Request: POST https://models.inference.ai.azure.com/chat/completions "HTTP/1.1 429 Too Many Requests"
2026-06-07 13:07:15,634 - ERROR - [-] AI Error: Error code: 429 - {'error': {'code': 'RateLimitReached', 'message': 'Rate limit of 1 per 60s exceeded for UserByModelByMinute. Please wait 58 seconds before retrying.', 'details': 'Rate limit of 1 per 60s exceeded for UserByModelByMinute. Please wait 58 seconds before retrying.'}}
2026-06-07 13:07:25,509 - INFO - [*] Clicked Next/Continue. Waiting for transition...
2026-06-07 13:07:33,796 - WARNING - [!] No standard question container found. Falling back to Full-Page scanning...
2026-06-07 13:07:33,833 - INFO - [*] Evaluating Question Block...
2026-06-07 13:07:33,844 - INFO - [*] Simulating human reading time: waiting 2.05s...
2026-06-07 13:07:38,786 - INFO - HTTP Request: POST https://models.inference.ai.azure.com/chat/completions "HTTP/1.1 429 Too Many Requests"
2026-06-07 13:07:38,787 - INFO - Retrying request to /chat/completions in 35.000000 seconds
2026-06-07 13:08:15,260 - INFO - HTTP Request: POST https://models.inference.ai.azure.com/chat/completions "HTTP/1.1 429 Too Many Requests"
2026-06-07 13:08:15,260 - INFO - Retrying request to /chat/completions in 0.990800 seconds
2026-06-07 13:08:16,815 - INFO - HTTP Request: POST https://models.inference.ai.azure.com/chat/completions "HTTP/1.1 429 Too Many Requests"
2026-06-07 13:08:16,817 - ERROR - [-] AI Error: Error code: 429 - {'error': {'code': 'RateLimitReached', 'message': 'Rate limit of 1 per 60s exceeded for UserByModelByMinute. Please wait 58 seconds before retrying.', 'details': 'Rate limit of 1 per 60s exceeded for UserByModelByMinute. Please wait 58 seconds before retrying.'}}
2026-06-07 13:08:27,150 - INFO - [*] Clicked Next/Continue. Waiting for transition...
2026-06-07 13:08:36,066 - WARNING - [!] No standard question container found. Falling back to Full-Page scanning...
2026-06-07 13:08:36,758 - INFO - [*] Evaluating Question Block...
2026-06-07 13:08:36,771 - INFO - [*] Simulating human reading time: waiting 2.96s...
2026-06-07 13:08:42,994 - INFO - HTTP Request: POST https://models.inference.ai.azure.com/chat/completions "HTTP/1.1 429 Too Many Requests"
2026-06-07 13:08:42,996 - INFO - Retrying request to /chat/completions in 32.000000 seconds
2026-06-07 13:09:16,482 - INFO - HTTP Request: POST https://models.inference.ai.azure.com/chat/completions "HTTP/1.1 429 Too Many Requests"
2026-06-07 13:09:16,489 - INFO - Retrying request to /chat/completions in 0.922621 seconds
2026-06-07 13:09:17,713 - INFO - HTTP Request: POST https://models.inference.ai.azure.com/chat/completions "HTTP/1.1 429 Too Many Requests"
2026-06-07 13:09:17,774 - ERROR - [-] AI Error: Error code: 429 - {'error': {'code': 'RateLimitReached', 'message': 'Rate limit of 1 per 60s exceeded for UserByModelByMinute. Please wait 58 seconds before retrying.', 'details': 'Rate limit of 1 per 60s exceeded for UserByModelByMinute. Please wait 58 seconds before retrying.'}}
2026-06-07 13:09:27,286 - INFO - [*] Clicked Next/Continue. Waiting for transition...
2026-06-07 13:09:36,582 - WARNING - [!] No standard question container found. Falling back to Full-Page scanning...
2026-06-07 13:09:36,639 - INFO - [*] Evaluating Question Block...
2026-06-07 13:09:36,648 - INFO - [*] Simulating human reading time: waiting 3.56s...
2026-06-07 13:09:45,782 - INFO - HTTP Request: POST https://models.inference.ai.azure.com/chat/completions "HTTP/1.1 429 Too Many Requests"
2026-06-07 13:09:45,783 - INFO - Retrying request to /chat/completions in 30.000000 seconds
2026-06-07 13:10:18,499 - INFO - HTTP Request: POST https://models.inference.ai.azure.com/chat/completions "HTTP/1.1 429 Too Many Requests"
2026-06-07 13:10:18,499 - INFO - Retrying request to /chat/completions in 0.989882 seconds
2026-06-07 13:10:20,539 - INFO - HTTP Request: POST https://models.inference.ai.azure.com/chat/completions "HTTP/1.1 429 Too Many Requests"
2026-06-07 13:10:20,541 - ERROR - [-] AI Error: Error code: 429 - {'error': {'code': 'RateLimitReached', 'message': 'Rate limit of 1 per 60s exceeded for UserByModelByMinute. Please wait 57 seconds before retrying.', 'details': 'Rate limit of 1 per 60s exceeded for UserByModelByMinute. Please wait 57 seconds before retrying.'}}
2026-06-07 13:10:30,134 - INFO - [*] Clicked Next/Continue. Waiting for transition...
2026-06-07 13:10:39,122 - WARNING - [!] No standard question container found. Falling back to Full-Page scanning...
2026-06-07 13:10:39,169 - INFO - [*] Evaluating Question Block...
2026-06-07 13:10:39,182 - INFO - [*] Simulating human reading time: waiting 3.05s...
2026-06-07 13:10:47,778 - INFO - HTTP Request: POST https://models.inference.ai.azure.com/chat/completions "HTTP/1.1 429 Too Many Requests"
2026-06-07 13:10:47,779 - INFO - Retrying request to /chat/completions in 29.000000 seconds
2026-06-07 13:11:18,882 - INFO - HTTP Request: POST https://models.inference.ai.azure.com/chat/completions "HTTP/1.1 429 Too Many Requests"
2026-06-07 13:11:18,883 - INFO - Retrying request to /chat/completions in 0.810089 seconds
2026-06-07 13:11:20,408 - INFO - HTTP Request: POST https://models.inference.ai.azure.com/chat/completions "HTTP/1.1 429 Too Many Requests"
2026-06-07 13:11:20,409 - ERROR - [-] AI Error: Error code: 429 - {'error': {'code': 'RateLimitReached', 'message': 'Rate limit of 1 per 60s exceeded for UserByModelByMinute. Please wait 58 seconds before retrying.', 'details': 'Rate limit of 1 per 60s exceeded for UserByModelByMinute. Please wait 58 seconds before retrying.'}}
2026-06-07 13:11:29,470 - INFO - [*] Clicked Next/Continue. Waiting for transition...
2026-06-07 13:11:37,391 - WARNING - [!] No standard question container found. Falling back to Full-Page scanning...
2026-06-07 13:11:37,430 - INFO - [*] Evaluating Question Block...
2026-06-07 13:11:37,443 - INFO - [*] Simulating human reading time: waiting 3.71s...
2026-06-07 13:11:44,487 - INFO - HTTP Request: POST https://models.inference.ai.azure.com/chat/completions "HTTP/1.1 429 Too Many Requests"
2026-06-07 13:11:44,488 - INFO - Retrying request to /chat/completions in 34.000000 seconds
2026-06-07 13:12:19,838 - INFO - HTTP Request: POST https://models.inference.ai.azure.com/chat/completions "HTTP/1.1 429 Too Many Requests"
2026-06-07 13:12:19,839 - INFO - Retrying request to /chat/completions in 0.965422 seconds
2026-06-07 13:12:21,253 - INFO - HTTP Request: POST https://models.inference.ai.azure.com/chat/completions "HTTP/1.1 429 Too Many Requests"
2026-06-07 13:12:21,257 - ERROR - [-] AI Error: Error code: 429 - {'error': {'code': 'RateLimitReached', 'message': 'Rate limit of 1 per 60s exceeded for UserByModelByMinute. Please wait 58 seconds before retrying.', 'details': 'Rate limit of 1 per 60s exceeded for UserByModelByMinute. Please wait 58 seconds before retrying.'}}
2026-06-07 13:12:31,875 - INFO - [*] Clicked Next/Continue. Waiting for transition...
2026-06-07 13:12:41,151 - WARNING - [!] No standard question container found. Falling back to Full-Page scanning...
2026-06-07 13:12:41,196 - INFO - [*] Evaluating Question Block...
2026-06-07 13:12:41,205 - INFO - [*] Simulating human reading time: waiting 3.41s...
2026-06-07 13:12:47,735 - INFO - HTTP Request: POST https://models.inference.ai.azure.com/chat/completions "HTTP/1.1 429 Too Many Requests"
2026-06-07 13:12:47,736 - INFO - Retrying request to /chat/completions in 32.000000 seconds
2026-06-07 13:13:21,071 - INFO - HTTP Request: POST https://models.inference.ai.azure.com/chat/completions "HTTP/1.1 429 Too Many Requests"
2026-06-07 13:13:21,073 - INFO - Retrying request to /chat/completions in 0.941512 seconds
2026-06-07 13:13:22,846 - INFO - HTTP Request: POST https://models.inference.ai.azure.com/chat/completions "HTTP/1.1 429 Too Many Requests"
2026-06-07 13:13:22,848 - ERROR - [-] AI Error: Error code: 429 - {'error': {'code': 'RateLimitReached', 'message': 'Rate limit of 1 per 60s exceeded for UserByModelByMinute. Please wait 58 seconds before retrying.', 'details': 'Rate limit of 1 per 60s exceeded for UserByModelByMinute. Please wait 58 seconds before retrying.'}}
2026-06-07 13:13:33,044 - INFO - [*] Clicked Next/Continue. Waiting for transition...
2026-06-07 13:13:41,177 - WARNING - [!] No standard question container found. Falling back to Full-Page scanning...
2026-06-07 13:13:41,221 - INFO - [*] Evaluating Question Block...
2026-06-07 13:13:41,234 - INFO - [*] Simulating human reading time: waiting 3.89s...
2026-06-07 13:13:46,717 - INFO - HTTP Request: POST https://models.inference.ai.azure.com/chat/completions "HTTP/1.1 429 Too Many Requests"
2026-06-07 13:13:46,718 - INFO - Retrying request to /chat/completions in 34.000000 seconds
2026-06-07 13:14:21,853 - INFO - HTTP Request: POST https://models.inference.ai.azure.com/chat/completions "HTTP/1.1 429 Too Many Requests"
2026-06-07 13:14:21,854 - INFO - Retrying request to /chat/completions in 0.984511 seconds
2026-06-07 13:14:23,091 - INFO - HTTP Request: POST https://models.inference.ai.azure.com/chat/completions "HTTP/1.1 429 Too Many Requests"
2026-06-07 13:14:23,093 - ERROR - [-] AI Error: Error code: 429 - {'error': {'code': 'RateLimitReached', 'message': 'Rate limit of 1 per 60s exceeded for UserByModelByMinute. Please wait 58 seconds before retrying.', 'details': 'Rate limit of 1 per 60s exceeded for UserByModelByMinute. Please wait 58 seconds before retrying.'}}
2026-06-07 13:14:33,497 - INFO - [*] Clicked Next/Continue. Waiting for transition...
2026-06-07 13:14:41,503 - WARNING - [!] No standard question container found. Falling back to Full-Page scanning...
2026-06-07 13:14:41,593 - INFO - [*] Evaluating Question Block...
2026-06-07 13:14:41,610 - INFO - [*] Simulating human reading time: waiting 2.73s...
2026-06-07 13:14:46,598 - INFO - HTTP Request: POST https://models.inference.ai.azure.com/chat/completions "HTTP/1.1 429 Too Many Requests"
2026-06-07 13:14:46,599 - INFO - Retrying request to /chat/completions in 35.000000 seconds
2026-06-07 13:15:23,050 - INFO - HTTP Request: POST https://models.inference.ai.azure.com/chat/completions "HTTP/1.1 429 Too Many Requests"
2026-06-07 13:15:23,052 - INFO - Retrying request to /chat/completions in 0.821214 seconds
2026-06-07 13:15:24,328 - INFO - HTTP Request: POST https://models.inference.ai.azure.com/chat/completions "HTTP/1.1 429 Too Many Requests"
2026-06-07 13:15:24,330 - ERROR - [-] AI Error: Error code: 429 - {'error': {'code': 'RateLimitReached', 'message': 'Rate limit of 1 per 60s exceeded for UserByModelByMinute. Please wait 58 seconds before retrying.', 'details': 'Rate limit of 1 per 60s exceeded for UserByModelByMinute. Please wait 58 seconds before retrying.'}}
2026-06-07 13:15:34,370 - INFO - [*] Clicked Next/Continue. Waiting for transition...
2026-06-07 13:15:42,471 - WARNING - [!] No standard question container found. Falling back to Full-Page scanning...
2026-06-07 13:15:42,546 - INFO - [*] Evaluating Question Block...
2026-06-07 13:15:42,553 - INFO - [*] Simulating human reading time: waiting 4.19s...
2026-06-07 13:15:49,602 - INFO - HTTP Request: POST https://models.inference.ai.azure.com/chat/completions "HTTP/1.1 429 Too Many Requests"
2026-06-07 13:15:49,604 - INFO - Retrying request to /chat/completions in 33.000000 seconds
2026-06-07 13:16:24,284 - INFO - HTTP Request: POST https://models.inference.ai.azure.com/chat/completions "HTTP/1.1 429 Too Many Requests"
2026-06-07 13:16:24,285 - INFO - Retrying request to /chat/completions in 0.882909 seconds
2026-06-07 13:16:26,320 - INFO - HTTP Request: POST https://models.inference.ai.azure.com/chat/completions "HTTP/1.1 429 Too Many Requests"
2026-06-07 13:16:26,322 - ERROR - [-] AI Error: Error code: 429 - {'error': {'code': 'RateLimitReached', 'message': 'Rate limit of 1 per 60s exceeded for UserByModelByMinute. Please wait 58 seconds before retrying.', 'details': 'Rate limit of 1 per 60s exceeded for UserByModelByMinute. Please wait 58 seconds before retrying.'}}
2026-06-07 13:16:36,532 - INFO - [*] Clicked Next/Continue. Waiting for transition...
2026-06-07 13:16:45,919 - WARNING - [!] No standard question container found. Falling back to Full-Page scanning...
2026-06-07 13:16:45,961 - INFO - [*] Evaluating Question Block...
2026-06-07 13:16:45,975 - INFO - [*] Simulating human reading time: waiting 3.60s...
2026-06-07 13:16:53,030 - INFO - HTTP Request: POST https://models.inference.ai.azure.com/chat/completions "HTTP/1.1 429 Too Many Requests"
2026-06-07 13:16:53,031 - INFO - Retrying request to /chat/completions in 31.000000 seconds
2026-06-07 13:17:25,366 - INFO - HTTP Request: POST https://models.inference.ai.azure.com/chat/completions "HTTP/1.1 429 Too Many Requests"
2026-06-07 13:17:25,367 - INFO - Retrying request to /chat/completions in 0.765581 seconds
2026-06-07 13:17:26,591 - INFO - HTTP Request: POST https://models.inference.ai.azure.com/chat/completions "HTTP/1.1 429 Too Many Requests"
2026-06-07 13:17:26,594 - ERROR - [-] AI Error: Error code: 429 - {'error': {'code': 'RateLimitReached', 'message': 'Rate limit of 1 per 60s exceeded for UserByModelByMinute. Please wait 58 seconds before retrying.', 'details': 'Rate limit of 1 per 60s exceeded for UserByModelByMinute. Please wait 58 seconds before retrying.'}}
2026-06-07 13:17:36,882 - INFO - [*] Clicked Next/Continue. Waiting for transition...
2026-06-07 13:17:45,870 - WARNING - [!] No standard question container found. Falling back to Full-Page scanning...
2026-06-07 13:17:45,911 - INFO - [*] Evaluating Question Block...
2026-06-07 13:17:45,920 - INFO - [*] Simulating human reading time: waiting 2.78s...
2026-06-07 13:17:50,234 - INFO - HTTP Request: POST https://models.inference.ai.azure.com/chat/completions "HTTP/1.1 429 Too Many Requests"
2026-06-07 13:17:50,235 - INFO - Retrying request to /chat/completions in 35.000000 seconds
2026-06-07 13:18:26,597 - INFO - HTTP Request: POST https://models.inference.ai.azure.com/chat/completions "HTTP/1.1 429 Too Many Requests"
2026-06-07 13:18:26,599 - INFO - Retrying request to /chat/completions in 0.790132 seconds
2026-06-07 13:18:27,875 - INFO - HTTP Request: POST https://models.inference.ai.azure.com/chat/completions "HTTP/1.1 429 Too Many Requests"
2026-06-07 13:18:27,877 - ERROR - [-] AI Error: Error code: 429 - {'error': {'code': 'RateLimitReached', 'message': 'Rate limit of 1 per 60s exceeded for UserByModelByMinute. Please wait 58 seconds before retrying.', 'details': 'Rate limit of 1 per 60s exceeded for UserByModelByMinute. Please wait 58 seconds before retrying.'}}
2026-06-07 13:18:37,293 - INFO - [*] Clicked Next/Continue. Waiting for transition...
2026-06-07 13:18:46,101 - WARNING - [!] No standard question container found. Falling back to Full-Page scanning...
2026-06-07 13:18:46,138 - INFO - [*] Evaluating Question Block...
2026-06-07 13:18:46,149 - INFO - [*] Simulating human reading time: waiting 3.46s...
2026-06-07 13:18:52,986 - INFO - HTTP Request: POST https://models.inference.ai.azure.com/chat/completions "HTTP/1.1 429 Too Many Requests"
2026-06-07 13:18:52,988 - INFO - Retrying request to /chat/completions in 33.000000 seconds
2026-06-07 13:19:29,614 - INFO - HTTP Request: POST https://models.inference.ai.azure.com/chat/completions "HTTP/1.1 429 Too Many Requests"
2026-06-07 13:19:29,615 - INFO - Retrying request to /chat/completions in 0.836318 seconds
2026-06-07 13:19:30,895 - INFO - HTTP Request: POST https://models.inference.ai.azure.com/chat/completions "HTTP/1.1 429 Too Many Requests"
2026-06-07 13:19:30,897 - ERROR - [-] AI Error: Error code: 429 - {'error': {'code': 'RateLimitReached', 'message': 'Rate limit of 1 per 60s exceeded for UserByModelByMinute. Please wait 58 seconds before retrying.', 'details': 'Rate limit of 1 per 60s exceeded for UserByModelByMinute. Please wait 58 seconds before retrying.'}}
2026-06-07 13:19:40,845 - INFO - [*] Clicked Next/Continue. Waiting for transition...
2026-06-07 13:19:48,949 - WARNING - [!] No standard question container found. Falling back to Full-Page scanning...
2026-06-07 13:19:48,995 - INFO - [*] Evaluating Question Block...
2026-06-07 13:19:49,007 - INFO - [*] Simulating human reading time: waiting 3.13s...
2026-06-07 13:19:53,773 - INFO - HTTP Request: POST https://models.inference.ai.azure.com/chat/completions "HTTP/1.1 429 Too Many Requests"
2026-06-07 13:19:53,775 - INFO - Retrying request to /chat/completions in 35.000000 seconds
2026-06-07 13:20:30,261 - INFO - HTTP Request: POST https://models.inference.ai.azure.com/chat/completions "HTTP/1.1 429 Too Many Requests"
2026-06-07 13:20:30,262 - INFO - Retrying request to /chat/completions in 0.766278 seconds
2026-06-07 13:20:31,506 - INFO - HTTP Request: POST https://models.inference.ai.azure.com/chat/completions "HTTP/1.1 429 Too Many Requests"
2026-06-07 13:20:31,507 - ERROR - [-] AI Error: Error code: 429 - {'error': {'code': 'RateLimitReached', 'message': 'Rate limit of 1 per 60s exceeded for UserByModelByMinute. Please wait 58 seconds before retrying.', 'details': 'Rate limit of 1 per 60s exceeded for UserByModelByMinute. Please wait 58 seconds before retrying.'}}
2026-06-07 13:20:41,578 - INFO - [*] Clicked Next/Continue. Waiting for transition...
2026-06-07 13:20:49,312 - WARNING - [!] No standard question container found. Falling back to Full-Page scanning...
2026-06-07 13:20:49,397 - INFO - [*] Evaluating Question Block...
2026-06-07 13:20:49,422 - INFO - [*] Simulating human reading time: waiting 4.12s...
2026-06-07 13:20:54,983 - INFO - HTTP Request: POST https://models.inference.ai.azure.com/chat/completions "HTTP/1.1 429 Too Many Requests"
2026-06-07 13:20:54,983 - INFO - Retrying request to /chat/completions in 35.000000 seconds
2026-06-07 13:21:31,275 - INFO - HTTP Request: POST https://models.inference.ai.azure.com/chat/completions "HTTP/1.1 429 Too Many Requests"
2026-06-07 13:21:31,277 - INFO - Retrying request to /chat/completions in 0.849377 seconds
2026-06-07 13:21:32,590 - INFO - HTTP Request: POST https://models.inference.ai.azure.com/chat/completions "HTTP/1.1 429 Too Many Requests"
2026-06-07 13:21:32,608 - ERROR - [-] AI Error: Error code: 429 - {'error': {'code': 'RateLimitReached', 'message': 'Rate limit of 1 per 60s exceeded for UserByModelByMinute. Please wait 58 seconds before retrying.', 'details': 'Rate limit of 1 per 60s exceeded for UserByModelByMinute. Please wait 58 seconds before retrying.'}}
2026-06-07 13:21:42,390 - INFO - [*] Clicked Next/Continue. Waiting for transition...
2026-06-07 13:21:51,691 - WARNING - [!] No standard question container found. Falling back to Full-Page scanning...
2026-06-07 13:21:51,769 - INFO - [*] Evaluating Question Block...
2026-06-07 13:21:51,778 - INFO - [*] Simulating human reading time: waiting 3.15s...
2026-06-07 13:21:56,492 - INFO - HTTP Request: POST https://models.inference.ai.azure.com/chat/completions "HTTP/1.1 429 Too Many Requests"
2026-06-07 13:21:56,493 - INFO - Retrying request to /chat/completions in 34.000000 seconds
2026-06-07 13:22:31,890 - INFO - HTTP Request: POST https://models.inference.ai.azure.com/chat/completions "HTTP/1.1 429 Too Many Requests"
2026-06-07 13:22:31,891 - INFO - Retrying request to /chat/completions in 0.751409 seconds
2026-06-07 13:22:33,160 - INFO - HTTP Request: POST https://models.inference.ai.azure.com/chat/completions "HTTP/1.1 429 Too Many Requests"
2026-06-07 13:22:33,161 - ERROR - [-] AI Error: Error code: 429 - {'error': {'code': 'RateLimitReached', 'message': 'Rate limit of 1 per 60s exceeded for UserByModelByMinute. Please wait 58 seconds before retrying.', 'details': 'Rate limit of 1 per 60s exceeded for UserByModelByMinute. Please wait 58 seconds before retrying.'}}
2026-06-07 13:22:42,148 - INFO - [*] Clicked Next/Continue. Waiting for transition...
2026-06-07 13:22:50,654 - WARNING - [!] No standard question container found. Falling back to Full-Page scanning...
2026-06-07 13:22:50,690 - INFO - [*] Evaluating Question Block...
2026-06-07 13:22:50,704 - INFO - [*] Simulating human reading time: waiting 3.76s...
2026-06-07 13:22:56,167 - INFO - HTTP Request: POST https://models.inference.ai.azure.com/chat/completions "HTTP/1.1 429 Too Many Requests"
2026-06-07 13:22:56,168 - INFO - Retrying request to /chat/completions in 35.000000 seconds
2026-06-07 13:23:32,353 - INFO - HTTP Request: POST https://models.inference.ai.azure.com/chat/completions "HTTP/1.1 429 Too Many Requests"
2026-06-07 13:23:32,354 - INFO - Retrying request to /chat/completions in 0.981745 seconds
2026-06-07 13:23:33,639 - INFO - HTTP Request: POST https://models.inference.ai.azure.com/chat/completions "HTTP/1.1 429 Too Many Requests"
2026-06-07 13:23:33,640 - ERROR - [-] AI Error: Error code: 429 - {'error': {'code': 'RateLimitReached', 'message': 'Rate limit of 1 per 60s exceeded for UserByModelByMinute. Please wait 58 seconds before retrying.', 'details': 'Rate limit of 1 per 60s exceeded for UserByModelByMinute. Please wait 58 seconds before retrying.'}}
2026-06-07 13:23:42,189 - INFO - [*] Clicked Next/Continue. Waiting for transition...
