2026-06-08 13:11:15,897 - INFO - ==========================================
2026-06-08 13:11:15,898 - INFO -    SentinelCore Survey Bot Initialized    
2026-06-08 13:11:15,898 - INFO - ==========================================
2026-06-08 13:11:15,899 - INFO - [*] Spooling up stealth browser instance...
2026-06-08 13:11:16,635 - INFO - [*] Loading Cookie Vault for Profile: mumbai_hr_executive_01...
2026-06-08 13:11:16,636 - INFO - [*] Spooling up stealth browser fingerprint...
2026-06-08 13:11:16,637 - INFO - [*] Attempting to attach to existing Chrome instance on port 9222...
2026-06-08 13:11:38,555 - INFO - patching driver executable C:\Users\tiajungba\appdata\roaming\undetected_chromedriver\undetected_chromedriver.exe
2026-06-08 13:11:42,939 - INFO - [+] Successfully attached to existing Chrome window!
2026-06-08 13:14:24,179 - INFO - [*] Navigating to https://www.samplicio.us/s/Profiler.aspx?SSID=6a2672c3-9ea0-36d2-dce3-85404f0df149&SuID=f927f79581416&zToken=03814e07-e420-407f-b677-f5bd0ff121dd...
2026-06-08 13:14:24,882 - INFO - [+] SentinelCore Manual HUD Active. Monitoring screen for questions...
2026-06-08 13:14:24,882 - INFO - [+] Hotkey Active: Press 'P' in this console at any time to PAUSE/RESUME the scanner.
2026-06-08 13:14:26,708 - INFO - 
============================================================
2026-06-08 13:14:26,709 - INFO - [*] New Question Detected! (9 options) Asking AI...
2026-06-08 13:14:31,051 - INFO - Retrying request to /chat/completions in 0.468257 seconds
2026-06-08 13:14:33,564 - INFO - Retrying request to /chat/completions in 0.975761 seconds
2026-06-08 13:14:36,587 - ERROR - [-] AI Error: Connection error.
2026-06-08 13:14:36,588 - INFO - 
[🤖 AI SUGGESTS CLICKING]:
None

2026-06-08 13:14:36,588 - INFO - ============================================================

