2026-06-07 12:24:08,842 - INFO - ==========================================
2026-06-07 12:24:08,843 - INFO -    SentinelCore Survey Bot Initialized
2026-06-07 12:24:08,843 - INFO - ==========================================
2026-06-07 12:24:08,843 - INFO - [*] Spooling up stealth browser instance...
2026-06-07 12:24:09,408 - INFO - [*] Loading Cookie Vault for Profile: mumbai_hr_executive_01...
2026-06-07 12:24:09,409 - INFO - [*] Spooling up stealth browser fingerprint...
2026-06-07 12:24:30,480 - INFO - patching driver executable C:\Users\tiajungba\appdata\roaming\undetected_chromedriver\undetected_chromedriver.exe
2026-06-07 12:25:04,444 - INFO - [*] Navigating to Survey #1...
2026-06-07 12:25:04,445 - INFO - [+] Launching SentinelCore Operation...
2026-06-07 12:25:07,527 - WARNING - [!] No standard question container found. Falling back to Full-Page scanning...
2026-06-07 12:25:07,588 - INFO - [*] Evaluating Question Block...
2026-06-07 12:25:07,604 - INFO - [*] Simulating human reading time: waiting 2.57s...
2026-06-07 12:25:22,151 - INFO - HTTP Request: POST https://models.inference.ai.azure.com/chat/completions "HTTP/1.1 200 OK"
2026-06-07 12:25:22,164 - INFO - [+] AI Selected: English|languages.Hindi|languages.Marathi
2026-06-07 12:26:03,859 - WARNING - [!] No standard question container found. Falling back to Full-Page scanning...
2026-06-07 12:26:03,882 - INFO - [*] Evaluating Question Block...
2026-06-07 12:26:03,888 - INFO - [*] Simulating human reading time: waiting 4.07s...
2026-06-07 12:26:09,866 - INFO - HTTP Request: POST https://models.inference.ai.azure.com/chat/completions "HTTP/1.1 429 Too Many Requests"
2026-06-07 12:26:09,866 - INFO - Retrying request to /chat/completions in 4.000000 seconds
2026-06-07 12:26:14,115 - INFO - HTTP Request: POST https://models.inference.ai.azure.com/chat/completions "HTTP/1.1 429 Too Many Requests"
2026-06-07 12:26:14,116 - INFO - Retrying request to /chat/completions in 0.774475 seconds
2026-06-07 12:26:30,967 - INFO - HTTP Request: POST https://models.inference.ai.azure.com/chat/completions "HTTP/1.1 200 OK"
2026-06-07 12:26:30,969 - INFO - [+] AI Selected: English | languages.Hindi | languages.Marathi
2026-06-07 12:27:13,327 - WARNING - [!] No standard question container found. Falling back to Full-Page scanning...
2026-06-07 12:27:13,359 - INFO - [*] Evaluating Question Block...
2026-06-07 12:27:13,369 - INFO - [*] Simulating human reading time: waiting 3.14s...
2026-06-07 12:27:19,836 - INFO - HTTP Request: POST https://models.inference.ai.azure.com/chat/completions "HTTP/1.1 429 Too Many Requests"
2026-06-07 12:27:19,836 - INFO - Retrying request to /chat/completions in 0.469961 seconds
2026-06-07 12:27:20,651 - INFO - HTTP Request: POST https://models.inference.ai.azure.com/chat/completions "HTTP/1.1 429 Too Many Requests"
2026-06-07 12:27:20,652 - INFO - Retrying request to /chat/completions in 59.000000 seconds
2026-06-07 12:28:21,067 - INFO - HTTP Request: POST https://models.inference.ai.azure.com/chat/completions "HTTP/1.1 429 Too Many Requests"
2026-06-07 12:28:21,067 - ERROR - [-] AI Error: Error code: 429 - {'error': {'code': 'RateLimitReached', 'message': 'Rate limit of 8 per 86400s exceeded for UserByModelByDay. Please wait 84649 seconds before retrying.', 'details': 'Rate limit of 8 per 86400s exceeded for UserByModelByDay. Please wait 84649 seconds before retrying.'}}
2026-06-07 12:28:31,334 - WARNING - [!] No standard question container found. Falling back to Full-Page scanning...
2026-06-07 12:28:31,367 - INFO - [*] Evaluating Question Block...
2026-06-07 12:28:31,382 - INFO - [*] Simulating human reading time: waiting 2.19s...
2026-06-07 12:28:35,367 - INFO - HTTP Request: POST https://models.inference.ai.azure.com/chat/completions "HTTP/1.1 429 Too Many Requests"
2026-06-07 12:28:35,369 - INFO - Retrying request to /chat/completions in 45.000000 seconds
