2026-06-08 13:57:49,098 - INFO - [*] Launching HUD GUI...
2026-06-08 13:58:06,161 - INFO - [+] FreeLLMAPI server is already running on port 3001.
2026-06-08 13:58:06,654 - INFO - [*] Loading Cookie Vault for Profile: mumbai_hr_executive_01...
2026-06-08 13:58:06,655 - INFO - [*] Spooling up stealth browser fingerprint...
2026-06-08 13:58:06,656 - INFO - [*] Attempting to attach to existing Chrome instance on port 9222...
2026-06-08 13:58:22,890 - INFO - patching driver executable C:\Users\tiajungba\appdata\roaming\undetected_chromedriver\undetected_chromedriver.exe
2026-06-08 13:58:26,206 - INFO - [+] Successfully attached to existing Chrome window!
2026-06-08 13:58:36,304 - INFO - [+] Injected 2 saved cookies for this session.
2026-06-08 13:58:46,053 - INFO - [+] SentinelCore Manual HUD Active. Monitoring screen for questions...
2026-06-08 13:58:46,055 - INFO - [+] Hotkey Active: Press 'P' in this console at any time to PAUSE/RESUME the scanner.
2026-06-08 13:58:48,453 - INFO - 
============================================================
2026-06-08 13:58:48,453 - INFO - [*] New Question Detected! (13 options) Asking AI...
2026-06-08 13:58:53,936 - INFO - HTTP Request: POST http://127.0.0.1:3001/v1/chat/completions "HTTP/1.1 200 OK"
2026-06-08 13:58:53,948 - INFO - 
[🤖 AI SUGGESTS CLICKING]:
Female|32|Postgraduate degree|18|Maharashtra

2026-06-08 13:58:53,948 - INFO - [*] Attempting autonomous DOM injection...
2026-06-08 13:58:55,974 - INFO -     [+] Autonomously clicked: female
2026-06-08 13:58:57,598 - INFO -     [+] Autonomously clicked: postgraduate degree
2026-06-08 13:58:59,375 - INFO - ============================================================

2026-06-08 14:06:21,480 - INFO - 
[!] ⏸️ SCAN PAUSED VIA GUI.
