2026-06-07 14:50:04,617 - INFO - ==========================================
2026-06-07 14:50:04,618 - INFO -    SentinelCore Survey Bot Initialized    
2026-06-07 14:50:04,618 - INFO - ==========================================
2026-06-07 14:50:04,618 - INFO - [*] Spooling up stealth browser instance...
2026-06-07 14:50:05,199 - INFO - [*] Loading Cookie Vault for Profile: mumbai_hr_executive_01...
2026-06-07 14:50:05,200 - INFO - [*] Spooling up stealth browser fingerprint...
2026-06-07 14:50:05,200 - INFO - [*] Attempting to attach to existing Chrome instance on port 9222...
2026-06-07 14:50:48,057 - INFO - patching driver executable C:\Users\tiajungba\appdata\roaming\undetected_chromedriver\undetected_chromedriver.exe
2026-06-07 14:50:54,618 - INFO - [+] Successfully attached to existing Chrome window!
2026-06-07 14:51:13,440 - INFO - [*] Navigating to https://click.cpx-research.com/?k=ZFV4cHBCTlBoZkdnUUZBdGNCR2hJOHlzemFEOUt2TW5sdnUvMXdMSWhUZkdGdzBMb2lHeXdsVThjWkFZNFRjZktoTUJHVUtGaXdkRkVnTG84N3VFRjdKZlZPR1prYjF2cGN4ZmpGUFRrbmp3Z2xRUU9DdGR5MkZMZUU2NkRIRzJFbnVIMmZhTUl6OU9NS1RwbXE4QUJVcGZKUUxndWdscTc1TXRKcnNXRzJBPQ==&api=true&time_stamp=1780823204&subid_1=3140883355&subid_2=&rsurv_id=69105057&profiler_count=6...
2026-06-07 14:51:14,040 - INFO - [+] SentinelCore Manual HUD Active. Monitoring screen for questions...
2026-06-07 14:51:26,564 - INFO - 
============================================================
2026-06-07 14:51:26,564 - INFO - [*] New Question Detected! (639 options) Asking AI...
2026-06-07 14:51:29,836 - INFO - HTTP Request: POST http://127.0.0.1:3001/v1/chat/completions "HTTP/1.1 200 OK"
2026-06-07 14:51:29,847 - INFO - 
[🤖 AI SUGGESTS CLICKING]:
Mumbai

2026-06-07 14:51:29,847 - INFO - ============================================================

2026-06-07 14:51:49,945 - INFO - 
[+] SentinelCore Operation Halted by User.
