2026-06-08 15:09:44,017 - INFO - [*] Launching HUD GUI...
2026-06-08 15:09:47,318 - INFO - [+] FreeLLMAPI server is already running on port 3001.
2026-06-08 15:09:47,808 - INFO - [*] Loading Cookie Vault for Profile: mumbai_hr_executive_01...
2026-06-08 15:09:47,810 - INFO - [*] Spooling up stealth browser fingerprint...
2026-06-08 15:09:47,810 - INFO - [*] Attempting to attach to existing Chrome instance on port 9222...
2026-06-08 15:10:06,161 - INFO - patching driver executable C:\Users\tiajungba\appdata\roaming\undetected_chromedriver\undetected_chromedriver.exe
2026-06-08 15:10:10,111 - INFO - [*] No existing Chrome found. Launching a new stealth browser...
2026-06-08 15:10:24,896 - INFO - patching driver executable C:\Users\tiajungba\appdata\roaming\undetected_chromedriver\undetected_chromedriver.exe
2026-06-08 15:10:27,575 - ERROR - Bot execution error: Message: session not created: cannot connect to chrome at 127.0.0.1:64425
from session not created: This version of ChromeDriver only supports Chrome version 149
Current browser version is 148.0.7778.218
Stacktrace:
	undetected_chromedriver!GetHandleVerifier [0x12af9c3+106c3]
	undetected_chromedriver!GetHandleVerifier [0x12afa04+10704]
	undetected_chromedriver!(No symbol) [0x10aa830]
	undetected_chromedriver!(No symbol) [0x10e6692]
	undetected_chromedriver!(No symbol) [0x10e56cc]
	undetected_chromedriver!(No symbol) [0x10db7b5]
	undetected_chromedriver!(No symbol) [0x10db5d6]
	undetected_chromedriver!(No symbol) [0x1121f8f]
	undetected_chromedriver!(No symbol) [0x11217a7]
	undetected_chromedriver!(No symbol) [0x1116026]
	undetected_chromedriver!(No symbol) [0x10e9289]
	undetected_chromedriver!(No symbol) [0x10ea054]
	undetected_chromedriver!GetHandleVerifier [0x15344aa+2951aa]
	undetected_chromedriver!GetHandleVerifier [0x152fb06+290806]
	undetected_chromedriver!GetHandleVerifier [0x154ff3b+2b0c3b]
	undetected_chromedriver!GetHandleVerifier [0x12c9e86+2ab86]
	undetected_chromedriver!GetHandleVerifier [0x12d11fd+31efd]
	undetected_chromedriver!GetHandleVerifier [0x12b8388+19088]
	undetected_chromedriver!GetHandleVerifier [0x12b8535+19235]
	undetected_chromedriver!GetHandleVerifier [0x12a120f+1f0f]
	KERNEL32!BaseThreadInitThunk [0x75265d49+19]
	ntdll!RtlInitializeExceptionChain [0x7755d83b+6b]
	ntdll!RtlGetAppContainerNamedObjectPath [0x7755d7c1+231]

