2026-06-08 14:30:16,642 - INFO - [*] Launching HUD GUI...
2026-06-08 14:32:31,793 - INFO - [+] FreeLLMAPI server is already running on port 3001.
2026-06-08 14:32:32,332 - INFO - [*] Loading Cookie Vault for Profile: mumbai_hr_executive_01...
2026-06-08 14:32:32,333 - INFO - [*] Spooling up stealth browser fingerprint...
2026-06-08 14:32:32,334 - INFO - [*] Attempting to attach to existing Chrome instance on port 9222...
2026-06-08 14:32:57,441 - INFO - patching driver executable C:\Users\tiajungba\appdata\roaming\undetected_chromedriver\undetected_chromedriver.exe
2026-06-08 14:33:00,345 - INFO - [+] Successfully attached to existing Chrome window!
2026-06-08 14:33:14,375 - INFO - [+] Injected 2 saved cookies for this session.
2026-06-08 14:33:19,966 - INFO - [+] SentinelCore Manual HUD Active. Monitoring screen for questions...
2026-06-08 14:33:19,966 - INFO - [+] Hotkey Active: Press 'P' in this console at any time to PAUSE/RESUME the scanner.
2026-06-08 14:33:22,303 - INFO - 
============================================================
2026-06-08 14:33:22,303 - INFO - [*] New Question Detected! (12 options) Asking AI...
2026-06-08 14:33:29,130 - INFO - HTTP Request: POST http://127.0.0.1:3001/v1/chat/completions "HTTP/1.1 200 OK"
2026-06-08 14:33:29,140 - INFO - 
[🤖 AI SUGGESTS CLICKING]:
Bharatiya Janata Party (BJP)|Yes

2026-06-08 14:33:29,141 - INFO - [*] AI output doesn't match choice labels. Redirecting to text input typing...
2026-06-08 14:33:29,594 - INFO - [*] Attempting autonomous DOM injection...
2026-06-08 14:33:33,570 - INFO -     [+] Autonomously typed answer.
2026-06-08 14:33:35,904 - INFO - ============================================================

2026-06-08 14:34:08,242 - WARNING - 
[⚠️ STUCK DETECTED] Bot has been on the same question for 46 seconds!
2026-06-08 14:34:08,355 - WARNING - [📷 SCREENSHOT SAVED] Captured state to: screenshots/stuck_20260608_143408.png
2026-06-08 14:34:08,356 - WARNING - 
--- 🛠️ MANUAL INTERVENTION REQUIRED ---
2026-06-08 14:34:08,381 - WARNING - CURRENT QUESTION TEXT:
English
  हिन्दी
   Which party is closest to your political views?
National People's Party (NPP)
Dravida Munnetra Kazhagam (DMK)
Bharatiya Janata Party (BJP)
Aam Aadmi Party (AAP)
Indian National Congress (INC)
Bharat Rashtra Samithi (BRS)
Nationalist Congress Party (NCP)
All India Trinamool Congress (AITC)
Other (Please specify)
None
Are you the parent or guardian of any children under 18 now living in your household? 
Yes
No
Powered by Qualtrics

2026-06-08 14:34:08,415 - WARNING - [ℹ️ Info] Found 1 visible text inputs on screen.
2026-06-08 14:34:08,802 - WARNING - AVAILABLE DETECTED OPTIONS (Manual Clicks):
2026-06-08 14:34:08,802 - WARNING -   1. National People's Party (NPP)
2026-06-08 14:34:08,803 - WARNING -   2. Dravida Munnetra Kazhagam (DMK)
2026-06-08 14:34:08,807 - WARNING -   3. Bharatiya Janata Party (BJP)
2026-06-08 14:34:08,811 - WARNING -   4. Aam Aadmi Party (AAP)
2026-06-08 14:34:08,813 - WARNING -   5. Indian National Congress (INC)
2026-06-08 14:34:08,815 - WARNING -   6. Bharat Rashtra Samithi (BRS)
2026-06-08 14:34:08,816 - WARNING -   7. Nationalist Congress Party (NCP)
2026-06-08 14:34:08,817 - WARNING -   8. All India Trinamool Congress (AITC)
2026-06-08 14:34:08,818 - WARNING -   9. Other (Please specify)
2026-06-08 14:34:08,820 - WARNING -   10. None
2026-06-08 14:34:08,821 - WARNING -   11. Yes
2026-06-08 14:34:08,826 - WARNING -   12. No
2026-06-08 14:34:08,827 - WARNING - ----------------------------------------

2026-06-08 14:50:35,655 - INFO - 
============================================================
2026-06-08 14:50:35,658 - INFO - [*] New Question Detected! (12 options) Asking AI...
2026-06-08 14:50:39,746 - INFO - HTTP Request: POST http://127.0.0.1:3001/v1/chat/completions "HTTP/1.1 200 OK"
2026-06-08 14:50:39,752 - INFO - 
[🤖 AI SUGGESTS CLICKING]:
Bharatiya Janata Party (BJP)|Yes

2026-06-08 14:50:39,754 - INFO - [*] AI output doesn't match choice labels. Redirecting to text input typing...
2026-06-08 14:50:39,756 - INFO - [*] Attempting autonomous DOM injection...
2026-06-08 14:50:45,554 - INFO -     [+] Autonomously typed answer.
2026-06-08 14:50:47,763 - INFO - ============================================================

2026-06-08 14:50:48,729 - INFO - 
[!] ⏸️ SCAN PAUSED VIA GUI.
2026-06-08 14:50:59,909 - INFO - 
[+] ▶️ SCAN RESUMED VIA GUI.
2026-06-08 14:51:01,626 - INFO - 
============================================================
2026-06-08 14:51:01,627 - INFO - [*] New Question Detected! (4 options) Asking AI...
2026-06-08 14:51:06,165 - INFO - HTTP Request: POST http://127.0.0.1:3001/v1/chat/completions "HTTP/1.1 200 OK"
2026-06-08 14:51:06,167 - INFO - 
[🤖 AI SUGGESTS CLICKING]:
Sons|Daughters|Please enter your postal code (for example: 999 999 or 999999).

2026-06-08 14:51:06,170 - INFO - [*] AI output doesn't match choice labels. Redirecting to text input typing...
2026-06-08 14:51:06,172 - INFO - [*] Attempting autonomous DOM injection...
2026-06-08 14:51:18,120 - INFO -     [+] Autonomously typed answer.
2026-06-08 14:51:19,457 - INFO - ============================================================

2026-06-08 14:51:47,176 - WARNING - 
[⚠️ STUCK DETECTED] Bot has been on the same question for 45 seconds!
2026-06-08 14:51:47,344 - WARNING - [📷 SCREENSHOT SAVED] Captured state to: screenshots/stuck_20260608_145147.png
2026-06-08 14:51:47,345 - WARNING - 
--- 🛠️ MANUAL INTERVENTION REQUIRED ---
2026-06-08 14:51:47,348 - WARNING - CURRENT QUESTION TEXT:
English
  हिन्दी
   And may I ask how many...
Sons
Daughters
Please enter your postal code (for example: 999 999 or 999999).
Powered by Qualtrics

2026-06-08 14:51:47,402 - WARNING - [ℹ️ Info] Found 3 visible text inputs on screen.
2026-06-08 14:51:47,543 - WARNING - AVAILABLE DETECTED OPTIONS (Manual Clicks):
2026-06-08 14:51:47,544 - WARNING -   1. And may I ask how many...
2026-06-08 14:51:47,548 - WARNING -   2. Sons
2026-06-08 14:51:47,550 - WARNING -   3. Daughters
2026-06-08 14:51:47,551 - WARNING -   4. Please enter your postal code (for example: 999 999 or 999999).
2026-06-08 14:51:47,555 - WARNING - ----------------------------------------

